<?xml version="1.0"?>
<logText>
___,ETHO : CONNECTED, CPU : ONLINE, LOGIN : CRASH_SERVER_ADMIN,PWD : ***********, LINK ETABLISHED,
Waiting....,
###### ACCESS DENIED ###########,
####### ACCESS GRANTED #########,
@@@@@@@@@@@@@@@,
---------------,
Authentication required...,
ssh -p 2222 root@server.local,
EBFONT 59 Bad font file format,
EROFS 30 Read-only file system, 
ELIBSCN 81 .lib section in a.out corrupted, 
ENOCSI 50 No CSI structure available, 
ESTALE 116 Stale file handle, 
EAGAIN 11 Resource temporarily unavailable, 
ENOTCONN 107 Transport endpoint is not connected, 
EL2HLT 51 Level 2 halted, 
EBADF 9 Bad file descriptor, 
ENOLCK 37 No locks available, 
ERESTART 85 Interrupted system call should be restarted, 
EINVAL 22 Invalid argument, 
EPROTO 71 Protocol error, 
ETIMEDOUT 110 Connection timed out, 
ENXIO 6 No such device or address, 
ENONET 64 Machine is not on the network, 
EOPNOTSUPP 95 Operation not supported, 
ENOMSG 42 No message of desired type, 
EBADR 53 Invalid request descriptor, 
ENETDOWN 100 Network is down, 
generating really good memes. you know the ones,
ECANCELED 125 Operation canceled, 
EADDRINUSE 98 Address already in use, 
ENOSTR 60 Device not a stream, 
EREMOTE 66 Object is remote,
ESHUTDOWN 108 Cannot send after transport endpoint shutdown, 
ENOANO 55 No anode, 
EL3RST 47 Level 3 reset, 
ENAVAIL 119 No XENIX semaphores available, 
ENOPROTOOPT 92 Protocol not available, 
ENETUNREACH 101 Network is unreachable, 
ENETRESET 102 Network dropped connection on reset, 
ECONNREFUSED 111 Connection refused, 
EREMOTEIO 121 Remote I/O error, 
EIDRM 43 Identifier removed, 
EFBIG 27 File too large, 
EL3HLT 46 Level 3 halted, 
EDESTADDRREQ 89 Destination address required, 
EIO 5 Input/output error, 
ENOTRECOVERABLE 131 State not recoverable, 
EUCLEAN 117 Structure needs cleaning, 
ENOTNAM 118 Not a XENIX named type file, 
ECHRNG 44 Channel number out of range, 
EUNATCH 49 Protocol driver not attached, 
ENFILE 23 Too many open files in system, 
ENOENT 2 No such file or directory, 
ECOMM 70 Communication error on send, 
ETOOMANYREFS 109 Too many references: cannot splice, 
EPROTOTYPE 91 Protocol wrong type for socket, 
ECONNABORTED 103 Software caused connection abort, 
ELIBACC 79 Can not access a needed shared library, 
ESRMNT 69 Srmount error, 
EKEYREVOKED 128 Key has been revoked, 
EADDRNOTAVAIL 99 Cannot assign requested address, 
ENOTSOCK 88 Socket operation on non-socket, 
EKEYREJECTED 129 Key was rejected by service, 
EPROTONOSUPPORT 93 Protocol not supported, 
EAFNOSUPPORT 97 Address family not supported by protocol, 
ELIBMAX 82 Attempting to link in too many shared libraries, 
ENOTSUP 95 Operation not supported, 
EBADSLT 57 Invalid slot, 
ENOMEDIUM 123 No medium found, 
E2BIG 7 Argument list too long, 
ENOPKG 65 Package not installed, 
EISNAM 120 Is a named type file, 
EBADFD 77 File descriptor in bad state, 
EBADRQC 56 Invalid request code, 
EDQUOT 122 Disk quota exceeded, 
ENOSR 63 Out of streams resources, 
EMFILE 24 Too many open files, 
ENOSPC 28 No space left on device, 
ESTRPIPE 86 Streams pipe error, 
EDEADLK 35 Resource deadlock avoided, 
ELNRNG 48 Link number out of range, 
ELIBEXEC 83 Cannot exec a shared library directly, 
ENOMEM 12 Cannot allocate memory, 
EDEADLOCK 35 Resource deadlock avoided, 
ETIME 62 Timer expired, 
ENOTTY 25 Inappropriate ioctl for device, 
ENOTBLK 15 Block device required, 
EMULTIHOP 72 Multihop attempted, 
EACCES 13 Permission denied, 
EBADE 52 Invalid exchange, 
ENOEXEC 8 Exec format error, 
ELIBBAD 80 Accessing a corrupted shared library, 
EBUSY 16 Device or resource busy, 
EPFNOSUPPORT 96 Protocol family not supported, 
ECONNRESET 104 Connection reset by peer, 
EXFULL 54 Exchange full, 
EUSERS 87 Too many users, 
ENOTEMPTY 39 Directory not empty, 
ETXTBSY 26 Text file busy, 
ENOTUNIQ 76 Name not unique on network, 
EMSGSIZE 90 Message too long, 
EALREADY 114 Operation already in progress, 
EOVERFLOW 75 Value too large for defined data type, 
ERFKILL 132 Operation not possible due to RF-kill, 
EXDEV 18 Invalid cross-device link, 
ENAMETOOLONG 36 File name too long, 
ESOCKTNOSUPPORT 94 Socket type not supported, 
EPIPE 32 Broken pipe, 
ELOOP 40 Too many levels of symbolic links, 
EBADMSG 74 Bad message, 
EDOM 33 Numerical argument out of domain, 
ERANGE 34 Numerical result out of range, 
EISCONN 106 Transport endpoint is already connected,
ESRCH 3 No such process, 
EREMCHG 78 Remote address changed, 
ENOLINK 67 Link has been severed, 
EMLINK 31 Too many links, 
EKEYEXPIRED 127 Key has expired, 
EWOULDBLOCK 11 Resource temporarily unavailable, 
EADV 68 Advertise error, 
ENOSYS 38 Function not implemented, 
EOWNERDEAD 130 Owner died, 
EPERM 1 Operation not permitted, 
EFAULT 14 Bad address, 
EEXIST 17 File exists, 
EHWPOISON 133 Memory page has hardware error, 
EINPROGRESS 115 Operation now in progress, 
EL2NSYNC 45 Level 2 not synchronized, 
ENOKEY 126 Required key not available, 
EHOSTDOWN 112 Host is down, 
EDOTDOT 73 RFS specific error, 
EINTR 4 Interrupted system call, 
EISDIR 21 Is a directory, 
ECHILD 10 No child processes, 
ENOBUFS 105 No buffer space available, 
ENODEV 19 No such device, 
ENODATA 61 No data available, 
EILSEQ 84 Invalid or incomplete multibyte or wide character, 
EHOSTUNREACH 113 No route to host, 
ENOTDIR 20 Not a directory, 
ESPIPE 29 Illegal seek, 
EMEDIUMTYPE 124 Wrong medium type,
PMAP: PCID enabled,
Hacknet Kernel Version 1.0.0: Tue Oct 11 20:56:35 PDT 2011; root:xnu-1699.22.73~1/RELEASE_X86_64,
vm_page_bootstrap: 987323 free pages and 53061 wired pages,
kext submap [0xffffff7f8072e000 - 0xffffff8000000000], kernel text [0xffffff8000200000 - 0xffffff800072e000],
zone leak detection enabled,
standard timeslicing quantum is 10000 us,
mig_table_max_displ = 72,
TSC Deadline Timer supported and enabled,
HackNetACPICPU: ProcessorId=1 LocalApicId=0 Enabled,
HackNetACPICPU: ProcessorId=2 LocalApicId=2 Enabled,
HackNetACPICPU: ProcessorId=3 LocalApicId=1 Enabled,
HackNetACPICPU: ProcessorId=4 LocalApicId=3 Enabled,
HackNetACPICPU: ProcessorId=5 LocalApicId=255 Disabled,
HackNetACPICPU: ProcessorId=6 LocalApicId=255 Disabled,
HackNetACPICPU: ProcessorId=7 LocalApicId=255 Disabled,
HackNetACPICPU: ProcessorId=8 LocalApicId=255 Disabled,
calling mpo_policy_init for TMSafetyNet,
Security policy loaded: Safety net for Time Machine (TMSafetyNet),
calling mpo_policy_init for Sandbox,
Security policy loaded: Seatbelt sandbox policy (Sandbox),
calling mpo_policy_init for Quarantine,
Security policy loaded: Quarantine policy (Quarantine),
MAC Framework successfully initialized,
using 16384 buffer headers and 10240 cluster IO buffer headers,
IOAPIC: Version 0x20 Vectors 64:87,
ACPI: System State [S0 S3 S4 S5] (S3),
PFM64 0xf10000000, 0xf0000000,
[ PCI configuration begin ],
HackNetIntelCPUPowerManagement: Turbo Ratios 0046,
HackNetIntelCPUPowerManagement: (built 13:08:12 Jun 18 2011) initialization complete,
console relocated to 0xf10000000,
PCI configuration changed (bridge=16 device=4 cardbus=0),
[ PCI configuration end, bridges 12 devices 16 ],
mbinit: done [64 MB total pool size, (42/21) split],
Pthread support ABORTS when sync kernel primitives misused,
com.HackNet.HackNetFSCompressionTypeZlib kmod start,
com.HackNet.HackNetTrololoBootScreen kmod start,
com.HackNet.HackNetFSCompressionTypeZlib load succeeded,
com.HackNet.HackNetFSCompressionTypeDataless load succeeded,
HackNetIntelCPUPowerManagementClient: ready,
BTCOEXIST off,
wl0: Broadcom BCM4331 802.11 Wireless Controller,
5.100.98.75,
FireWire (OHCI) Lucent ID 5901 built-in now active, GUID c82a14fffee4a086; max speed s800.,
rooting via boot-uuid from /chosen: F5670083-AC74-33D3-8361-AC1977EE4AA2,
Got boot device = IOService:/HackNetACPIPlatformExpert/PCI0@0/HackNetACPIPCI/SATA@1F,2/,
HackNetIntelPchSeriesAHCI/PRT0@0/IOAHCIDevice@0/HackNetAHCIDiskDriver/SarahI@sTheBestDriverIOAHCIBlockStorageDevice/IOBlockStorageDriver/,
HackNet SSD TS128C Media/IOGUIDPartitionScheme/Customer@2,
BSD root: disk0s2, major 14, minor 2,
Kernel is LP64,
IOThunderboltSwitch::i2cWriteDWord - status = 0xe00002ed,
IOThunderboltSwitch::i2cWriteDWord - status = 0x00000000,
IOThunderboltSwitch::i2cWriteDWord - status = 0xe00002ed,
IOThunderboltSwitch::i2cWriteDWord - status = 0xe00002ed,
HackNetUSBMultitouchDriver::checkStatus - received Status Packet, Payload 2: device was reinitialized,
MottIsAScrub::checkstatus - true, Mott::Scrub,
[IOBluetoothHCIController::setConfigState] calling registerService,
AirPort_Brcm4331: Ethernet address e4:ce:8f:46:18:d2,
IO80211Controller::dataLinkLayerAttachComplete():  adding HackNetEFINVRAM notification,
IO80211Interface::efiNVRAMPublished():,
Created virtif 0xffffff800c32ee00 p2p0,
BCM5701Enet: Ethernet address c8:2a:14:57:a4:7a,
Previous Shutdown Cause: 3,
NTFS driver 3.8 [Flags: R/W].,
NTFS volume name BOOTCAMP, version 3.1.,
DSMOS has arrived,
en1: 802.11d country code set to 'US'.,
en1: Supported channels 1 2 3 4 5 6 7 8 9 10 11 36 40 44 48 52 56 60 64 100 104 108 112 116 120 124 128 132 136 140 149 153 157 161 165,
MacAuthEvent en1   Auth result for: 00:60:64:1e:e9:e4  MAC AUTH succeeded,
MacAuthEvent en1   Auth result for: 00:60:64:1e:e9:e4 Unsolicited  Auth,
wlEvent: en1 en1 Link UP,
AirPort: Link Up on en1,
en1: BSSID changed to 00:60:64:1e:e9:e4,
virtual bool IOHIDEventSystemUserClient::initWithTask(task*, void*, UInt32):,
Client task not privileged to open IOHIDSystem for mapping memory (e00002c1),
ACPI: Preparing to enter system sleep state S3,
ACPI: EC: event blocked,
ACPI: EC: EC stopped,
PM: Saving platform NVS memory,
Disabling non-boot CPUs ...,
smpboot: CPU 1 is now offline,
smpboot: CPU 2 is now offline,
smpboot: CPU 3 is now offline,
ACPI: Low-level resume complete,
ACPI: EC: EC started,
PM: Restoring platform NVS memory,
Enabling non-boot CPUs ...,
x86: Booting SMP configuration:,
smpboot: Booting Node 0 Processor 1 APIC 0x1,
 cache: parent cpu1 should not be sleeping,
CPU1 is up,
smpboot: Booting Node 0 Processor 2 APIC 0x2,
 cache: parent cpu2 should not be sleeping,
CPU2 is up,
smpboot: Booting Node 0 Processor 3 APIC 0x3,
 cache: parent cpu3 should not be sleeping,
CPU3 is up,
ACPI: Waking up from system sleep state S3,
ACPI: EC: event unblocked,
x86/fpu: Supporting XSAVE feature 0x001: 'x87 floating point registers',
x86/fpu: Supporting XSAVE feature 0x002: 'SSE registers',
x86/fpu: Supporting XSAVE feature 0x004: 'AVX registers',
x86/fpu: xstate_offset[2]:  576, xstate_sizes[2]:  256,
x86/fpu: Enabled xstate features 0x7, context size is 832 bytes, using 'standard' format.,
e820: BIOS-provided physical RAM map:,
BIOS-e820: [mem 0x0000000000000000-0x0000000000057fff] usable,
BIOS-e820: [mem 0x0000000000058000-0x0000000000058fff] reserved,
BIOS-e820: [mem 0x0000000000059000-0x000000000008bfff] usable,
BIOS-e820: [mem 0x000000000008c000-0x000000000009ffff] reserved,
BIOS-e820: [mem 0x00000000000e0000-0x00000000000fffff] reserved,
BIOS-e820: [mem 0x0000000000100000-0x00000000aa248fff] usable,
BIOS-e820: [mem 0x00000000aa249000-0x00000000acbfefff] reserved,
BIOS-e820: [mem 0x00000000acbff000-0x00000000acd7efff] ACPI NVS,
BIOS-e820: [mem 0x00000000acd7f000-0x00000000acdfefff] ACPI data,
BIOS-e820: [mem 0x00000000acdff000-0x00000000acdfffff] usable,
BIOS-e820: [mem 0x00000000f80f8000-0x00000000f80f8fff] reserved,
BIOS-e820: [mem 0x00000000fed1c000-0x00000000fed1ffff] reserved,
BIOS-e820: [mem 0x0000000100000000-0x000000044dffffff] usable,
NX (Execute Disable) protection: active,
e820: update [mem 0xa2034018-0xa2044057] usable ==> usable,
e820: update [mem 0xa2034018-0xa2044057] usable ==> usable,
extended physical RAM map:,
reserve setup_data: [mem 0x0000000000000000-0x0000000000057fff] usable,
reserve setup_data: [mem 0x0000000000058000-0x0000000000058fff] reserved,
reserve setup_data: [mem 0x0000000000059000-0x000000000008bfff] usable,
reserve setup_data: [mem 0x000000000008c000-0x000000000009ffff] reserved,
reserve setup_data: [mem 0x00000000000e0000-0x00000000000fffff] reserved,
reserve setup_data: [mem 0x0000000000100000-0x00000000a2034017] usable,
reserve setup_data: [mem 0x00000000a2034018-0x00000000a2044057] usable,
reserve setup_data: [mem 0x00000000a2044058-0x00000000aa248fff] usable,
reserve setup_data: [mem 0x00000000aa249000-0x00000000acbfefff] reserved,
reserve setup_data: [mem 0x00000000acbff000-0x00000000acd7efff] ACPI NVS,
reserve setup_data: [mem 0x00000000acd7f000-0x00000000acdfefff] ACPI data,
reserve setup_data: [mem 0x00000000acdff000-0x00000000acdfffff] usable,
reserve setup_data: [mem 0x00000000f80f8000-0x00000000f80f8fff] reserved,
reserve setup_data: [mem 0x00000000fed1c000-0x00000000fed1ffff] reserved,
reserve setup_data: [mem 0x0000000100000000-0x000000044dffffff] usable,
efi:  ACPI=0xacdfe000  ACPI 2.0=0xacdfe014  SMBIOS=0xacbfe000  ESRT=0xaa67e000,
random: fast init done,
SMBIOS 2.7 present.,
tsc: Fast TSC calibration using PIT,
e820: update [mem 0x00000000-0x00000fff] usable ==> reserved,
e820: remove [mem 0x000a0000-0x000fffff] usable,
e820: last_pfn = 0x44e000 max_arch_pfn = 0x400000000,
MTRR default type: write-back,
MTRR fixed ranges enabled:,
  00000-9FFFF write-back,
  A0000-BFFFF uncachable,
  C0000-FFFFF write-protect,
MTRR variable ranges enabled:,
  0 base 00C0000000 mask 7FE0000000 uncachable,
  1 base 00B0000000 mask 7FF0000000 uncachable,
  2 base 00AE000000 mask 7FFE000000 uncachable,
  3 base 00AD000000 mask 7FFF000000 uncachable,
  4 base 00ACE00000 mask 7FFFE00000 uncachable,
  5 base 00E0000000 mask 7FE0000000 uncachable,
  6 disabled,
  7 disabled,
  8 disabled,
  9 disabled,
x86/PAT: Configuration [0-7]: WB  WC  UC- UC  WB  WP  UC- WT,
e820: last_pfn = 0xace00 max_arch_pfn = 0x400000000,
esrt: Reserving ESRT space from 0x00000000aa67e000 to 0x00000000aa67e060.,
Scanning 1 areas for low memory corruption,
Base memory trampoline at [ffff979680063000] 63000 size 24576,
Using GB pages for direct mapping,
BRK [0x44a212000, 0x44a212fff] PGTABLE,
BRK [0x44a213000, 0x44a213fff] PGTABLE,
BRK [0x44a214000, 0x44a214fff] PGTABLE,
BRK [0x44a215000, 0x44a215fff] PGTABLE,
BRK [0x44a216000, 0x44a216fff] PGTABLE,
BRK [0x44a217000, 0x44a217fff] PGTABLE,
Secure boot disabled,
RAMDISK: [mem 0x7f896000-0x7fffefff],
ACPI: Early table checksum verification disabled,
ACPI: RSDP 0x00000000ACDFE014 000024 (v02 SuperCRA),
ACPI: XSDT 0x00000000ACDFE1C0 0000EC (v01 SuperCRA TP-N11   00001140 PTEC 00000002),
ACPI: FACP 0x00000000ACDF9000 00010C (v05 SuperCRA TP-N11   00001140 PTEC 00000002),
ACPI: DSDT 0x00000000ACDE3000 011204 (v02 SuperCRA TP-N11   00001140 INTL 20120711),
ACPI: FACS 0x00000000ACD68000 000040,
ACPI: ASF! 0x00000000ACDFD000 0000A5 (v32 SuperCRA TP-N11   00001140 PTEC 00000002),
ACPI: HPET 0x00000000ACDFC000 000038 (v01 SuperCRA TP-N11   00001140 PTEC 00000002),
ACPI: ECDT 0x00000000ACDFB000 000052 (v01 SuperCRA TP-N11   00001140 PTEC 00000002),
ACPI: APIC 0x00000000ACDF8000 000098 (v01 SuperCRA TP-N11   00001140 PTEC 00000002),
ACPI: MCFG 0x00000000ACDF7000 00003C (v01 SuperCRA TP-N11   00001140 PTEC 00000002),
ACPI: SSDT 0x00000000ACDF6000 000033 (v01 SuperCRA TP-SSDT1 00000100 INTL 20120711),
ACPI: SSDT 0x00000000ACDF5000 000486 (v01 SuperCRA TP-SSDT2 00000200 INTL 20120711),
ACPI: SSDT 0x00000000ACDE2000 0009CB (v01 SuperCRA SataAhci 00001000 INTL 20120711),
ACPI: SSDT 0x00000000ACDE1000 000152 (v01 SuperCRA Rmv_Batt 00001000 INTL 20120711),
ACPI: SSDT 0x00000000ACDE0000 0006C5 (v01 SuperCRA Cpu0Ist  00003000 INTL 20120711),
ACPI: SSDT 0x00000000ACDDF000 000B74 (v02 SuperCRA CpuSsdt  00003000 INTL 20120711),
ACPI: SSDT 0x00000000ACDDE000 000369 (v02 SuperCRA CtdpB    00001000 INTL 20120711),
ACPI: SSDT 0x00000000ACDDC000 001475 (v01 SuperCRA SaSsdt   00003000 INTL 20120711),
ACPI: SSDT 0x00000000ACDDB000 000394 (v02 SuperCRA CppcTabl 00001000 INTL 20120711),
ACPI: PCCT 0x00000000ACDDA000 00006E (v05 SuperCRA TP-N11   00001140 PTEC 00000002),
ACPI: SSDT 0x00000000ACDD9000 000AC4 (v02 SuperCRA Cpc_Tabl 00001000 INTL 20120711),
ACPI: TCPA 0x00000000ACDD8000 000032 (v02 PTL    SuperCRA   06040000 LNVO 00000001),
ACPI: SSDT 0x00000000ACDD7000 0006B0 (v02 Intel_ TpmTable 00001000 INTL 20120711),
ACPI: UEFI 0x00000000ACDD6000 000042 (v01 SuperCRA TP-N11   00001140 PTEC 00000002),
ACPI: POAT 0x00000000ACCB0000 000055 (v03 SuperCRA TP-N11   00001140 PTEC 00000002),
ACPI: BATB 0x00000000ACDD5000 000046 (v01 SuperCRA TP-N11   00001140 PTEC 00000002),
ACPI: FPDT 0x00000000ACDD4000 000064 (v01 SuperCRA TP-N11   00001140 PTEC 00000002),
ACPI: UEFI 0x00000000ACDD3000 0002F6 (v01 SuperCRA TP-N11   00001140 PTEC 00000002),
ACPI: DMAR 0x00000000ACDD2000 0000B0 (v01 SuperCRA TP-N11   00001140 PTEC 00000002),
ACPI: Local APIC address 0xfee00000,
No NUMA configuration found,
Faking a node at [mem 0x0000000000000000-0x000000044dffffff],
NODE_DATA(0) allocated [mem 0x44dffc000-0x44dffffff],
Zone ranges:,
  DMA      [mem 0x0000000000001000-0x0000000000ffffff],
  DMA32    [mem 0x0000000001000000-0x00000000ffffffff],
  Normal   [mem 0x0000000100000000-0x000000044dffffff],
  Device   empty,
Movable zone start for each node,
Early memory node ranges,
  node   0: [mem 0x0000000000001000-0x0000000000057fff],
  node   0: [mem 0x0000000000059000-0x000000000008bfff],
  node   0: [mem 0x0000000000100000-0x00000000aa248fff],
  node   0: [mem 0x00000000acdff000-0x00000000acdfffff],
  node   0: [mem 0x0000000100000000-0x000000044dffffff],
Initmem setup node 0 [mem 0x0000000000001000-0x000000044dffffff],
On node 0 totalpages: 4162004,
  DMA zone: 64 pages used for memmap,
  DMA zone: 72 pages reserved,
  DMA zone: 3978 pages, LIFO batch:0,
  DMA32 zone: 10826 pages used for memmap,
  DMA32 zone: 692810 pages, LIFO batch:31,
  Normal zone: 54144 pages used for memmap,
  Normal zone: 3465216 pages, LIFO batch:31,
Reserving Intel graphics memory at 0x00000000ae000000-0x00000000afffffff,
ACPI: PM-Timer IO Port: 0x1808,
ACPI: Local APIC address 0xfee00000,
ACPI: LAPIC_NMI (acpi_id[0x00] high edge lint[0x1]),
ACPI: LAPIC_NMI (acpi_id[0x01] high edge lint[0x1]),
IOAPIC[0]: apic_id 2, version 32, address 0xfec00000, GSI 0-39,
ACPI: INT_SRC_OVR (bus 0 bus_irq 0 global_irq 2 dfl dfl),
ACPI: INT_SRC_OVR (bus 0 bus_irq 9 global_irq 9 high level),
ACPI: IRQ0 used by override.,
ACPI: IRQ9 used by override.,
Using ACPI (MADT) for SMP configuration information,
ACPI: HPET id: 0x8086a301 base: 0xfed00000,
smpboot: Allowing 8 CPUs, 4 hotplug CPUs,
e820: [mem 0xb0000000-0xf80f7fff] available for PCI devices,
Booting paravirtualized kernel on bare hardware,
clocksource: refined-jiffies: mask: 0xffffffff max_cycles: 0xffffffff, max_idle_ns: 6370452778343963 ns,
setup_percpu: NR_CPUS:128 nr_cpumask_bits:128 nr_cpu_ids:8 nr_node_ids:1,
percpu: Embedded 36 pages/cpu @ffff979acdc00000 s107032 r8192 d32232 u262144,
pcpu-alloc: s107032 r8192 d32232 u262144 alloc=1*2097152,
pcpu-alloc: [0] 0 1 2 3 4 5 6 7,
Built 1 zonelists, mobility grouping on.  Total pages: 4096898,
Policy zone: Normal,
PID hash table entries: 4096 (order: 3, 32768 bytes),
Calgary: detecting Calgary via BIOS EBDA area,
Calgary: Unable to locate Rio Grande table in EBDA - bailing!,
Memory: 16215128K/16648016K available (6641K kernel code, 1146K rwdata, 2784K rodata, 1312K init, 1008K bss, 432888K reserved, 0K cma-reserved),
SLUB: HWalign=64, Order=0-3, MinObjects=0, CPUs=8, Nodes=1,
ftrace: allocating 29043 entries in 114 pages,
Preemptible hierarchical RCU implementation.,
        RCU restricting CPUs from NR_CPUS=128 to nr_cpu_ids=8.,
        Tasks RCU enabled.,
RCU: Adjusting geometry for rcu_fanout_leaf=16, nr_cpu_ids=8,
NR_IRQS: 8448, nr_irqs: 760, preallocated irqs: 16,
Console: colour dummy device 80x25,
console [tty0] enabled,
clocksource: hpet: mask: 0xffffffff max_cycles: 0xffffffff, max_idle_ns: 133484882848 ns,
hpet clockevent registered,
tsc: Fast TSC calibration using PIT,
tsc: Detected 2194.919 MHz processor,
Calibrating delay loop (skipped), value calculated using timer frequency.. 4391.74 BogoMIPS (lpj=7316396),
pid_max: default: 32768 minimum: 301,
ACPI: Core revision 20170728,
ACPI: 12 ACPI AML tables successfully acquired and loaded,
Security Framework initialized,
Yama: becoming mindful.,
Dentry cache hash table entries: 2097152 (order: 12, 16777216 bytes),
Inode-cache hash table entries: 1048576 (order: 11, 8388608 bytes),
Mount-cache hash table entries: 32768 (order: 6, 262144 bytes),
Mountpoint-cache hash table entries: 32768 (order: 6, 262144 bytes),
CPU: Physical Processor ID: 0,
CPU: Processor Core ID: 0,
ENERGY_PERF_BIAS: Set to 'normal', was 'performance',
ENERGY_PERF_BIAS: View and update with x86_energy_perf_policy(8),
mce: CPU supports 7 MCE banks,
CPU0: Thermal monitoring enabled (TM1),
process: using mwait in idle threads,
Last level iTLB entries: 4KB 64, 2MB 8, 4MB 8,
Last level dTLB entries: 4KB 64, 2MB 0, 4MB 0, 1GB 4,
Freeing SMP alternatives memory: 24K,
smpboot: Max logical packages: 4,
DMAR: Host address width 39,
DMAR: DRHD base: 0x000000fed90000 flags: 0x0,
DMAR: dmar0: reg_base_addr fed90000 ver 1:0 cap 1c0000c40660462 ecap 7e1ff0505e,
DMAR: DRHD base: 0x000000fed91000 flags: 0x1,
DMAR: dmar1: reg_base_addr fed91000 ver 1:0 cap d2008c20660462 ecap f010da,
DMAR: RMRR base: 0x000000aaf45000 end: 0x000000aaf5bfff,
DMAR: RMRR base: 0x000000ad800000 end: 0x000000afffffff,
DMAR-IR: IOAPIC id 2 under DRHD base  0xfed91000 IOMMU 1,
DMAR-IR: HPET id 0 under DRHD base 0xfed91000,
DMAR-IR: x2apic is disabled because BIOS sets x2apic opt out bit.,
DMAR-IR: Use 'intremap=no_x2apic_optout' to override the BIOS setting.,
DMAR-IR: Enabled IRQ remapping in xapic mode,
x2apic: IRQ remapping doesn't support X2APIC mode,
..TIMER: vector=0x30 apic1=0 pin1=2 apic2=-1 pin2=-1,
TSC deadline timer enabled,
Performance Events: PEBS fmt2+, Broadwell events, 16-deep LBR, full-width counters, Intel PMU driver.,
... version:                3,
... bit width:              48,
... generic registers:      4,
... value mask:             0000ffffffffffff,
... max period:             00007fffffffffff,
... fixed-purpose events:   3,
... event mask:             000000070000000f,
Hierarchical SRCU implementation.,
NMI watchdog: Enabled. Permanently consumes one hw-PMU counter.,
smp: Bringing up secondary CPUs ...,
x86: Booting SMP configuration:,
.... node  #0, CPUs:      #1 #2 #3,
smp: Brought up 1 node, 4 CPUs,
Adding Hidden Agendas,
Please wait while the minions do their work,
Grabbing extra minions,
Doing the heavy lifting,
We're working very Hard .... Really,
Waking up the minions',
You are number 2843684714 in the queue,
Please wait while we serve other customers...,
Our premium plan is faster,
Recapturing the subspace barrier,
Creating an anti-time reaction,
Converging tachyon pulses,
Bypassing control of the matter-antimatter integrator,
Adjusting the dilithium crystal converter assembly,
Reversing the shield polarity,
Disrupting warp fields with an inverse graviton burst,
Reticulating splines,
Generating witty dialog,
Swapping time and space,
Spinning violently around the y-axis,
Tokenizing real life,
Bending the spoon,
Filtering morale,
Don't think of purple hippos,
We need a new fuse,
Have a good day,
Upgrading Windows, your PC will restart several times. Sit back and relax,
640K ought to be enough for anybody,
The architects are still drafting,
The bits are breeding,
We're building the buildings as fast as we can,
..and enjoy the elevator music...,
The server is powered by a lemon and two electrodes.,
Please wait while a larger software vendor in Seattle takes over the world,
We're testing your patience,
keep calm and npm install,
The bits are flowing slowly today,
My other loading screen is much faster,
All your web browser are belong to us,
Where did all the internets go,
Connecting Neurotoxin Storage Tank,
May the forks be with you,
Java developers never RIP. They just get Garbage Collected,
Cracking military-grade encryption,
Please wait... Consulting the manual...,
Mining some bitcoins...,
Downloading more RAM...,
Updating to Windows Vista...,
Deleting System32 folder,
Initializing the initializer,
Updating Updater,
Definitely not a virus...",
Disrupting warp fields with an inverse graviton burst,
Adjusting Bell Curves,
Aesthesizing Industrial Areas,
Aligning Covariance Matrices,
Applying Feng Shui Shaders,
Applying Theatre Soda Layer,
Asserting Packed Exemplars,
Attempting to Lock Back-Buffer,
Binding Sapling Root System,
Breeding Fauna,
Building Data Trees,
Bureacritizing Bureaucracies,
Calculating Inverse Probability Matrices,
Calculating Llama Expectoration Trajectory,
Calibrating Blue Skies,
Charging Ozone Layer,
Coalescing Cloud Formations,
Cohorting Exemplars,
Collecting Meteor Particles,
Compounding Inert Tessellations,
Compressing Fish Files,
Computing Optimal Bin Packing,
Concatenating Sub-Contractors,
Containing Existential Buffer,
Debarking Ark Ramp,
Debunching Unionized Commercial Services,
Deciding What Message to Display Next,
Decomposing Singular Values,
Decrementing Tectonic Plates,
Deleting Ferry Routes,
Depixelating Inner Mountain Surface Back Faces,
Depositing Slush Funds,
Destabilizing Economic Indicators,
Determining Width of Blast Fronts,
Deunionizing Bulldozers,
Dicing Models,
Diluting Livestock Nutrition Variables,
Downloading Satellite Terrain Data,
Exposing Flash Variables to Streak System,
Extracting Resources,
Factoring Pay Scale,
Fixing Election Outcome Matrix,
Flood-Filling Ground Water,
Flushing Pipe Network,
Gathering Particle Sources,
Generating Jobs,
Gesticulating Mimes,
Graphing Whale Migration,
Hiding Willio Webnet Mask,
Implementing Impeachment Routine,
Increasing Accuracy of RCI Simulators,
Increasing Magmafacation,
Initializing My Sim Tracking Mechanism,
Initializing Rhinoceros Breeding Timetable,
Initializing Robotic Click-Path AI,
Inserting Sublimated Messages,
Integrating Curves,
Integrating Illumination Form Factors,
Integrating Population Graphs,
Iterating Cellular Automata,
Lecturing Errant Subsystems,
Mixing Genetic Pool,
Modeling Object Components,
Mopping Occupant Leaks,
Normalizing Power,
Obfuscating Quigley Matrix,
Overconstraining Dirty Industry Calculations,
Partitioning City Grid Singularities,
Perturbing Matrices,
Pixelating Nude Patch,
Polishing Water Highlights,
Populating Lot Templates,
Preparing Sprites for Random Walks,
Prioritizing Landmarks,
Projecting Law Enforcement Pastry Intake,
Realigning Alternate Time Frames,
Reconfiguring User Mental Processes,
Relaxing Splines,
Removing Road Network Speed Bumps,
Removing Texture Gradients,
Removing Vehicle Avoidance Behavior,
Resolving GUID Conflict,
Reticulating Splines,
Retracting Phong Shader,
Retrieving from Back Store,
Reverse Engineering Image Consultant,
Routing Neural Network Infrastructure,
Scattering Rhino Food Sources,
Scrubbing Terrain,
Searching for Llamas,
Seeding Architecture Simulation Parameters,
Sequencing Particles,
Setting Advisor Moods,
Setting Inner Deity Indicators,
Setting Universal Physical Constants,
Sonically Enhancing Occupant-Free Timber,
Speculating Stock Market Indices,
Splatting Transforms,
Stratifying Ground Layers,
Sub-Sampling Water Data,
Synthesizing Gravity,
Synthesizing Wavelets,
Time-Compressing Simulator Clock,
Unable to Reveal Current Activity,
Weathering Buildings,
Zeroing Crime Network,
Partitioning Social Network,
Prelaminating Drywall Inventory,
Blurring Reality Lines,
Reticulating 3-Dimensional Splines,
Preparing Captive Simulators,
Capacitating Genetic Modifiers,
Destabilizing Orbital Payloads,
Sequencing Cinematic Specifiers,
Branching Family Trees,
Manipulating Modal Memory,
Pressurizing Fruit Punch Barrel Hydraulics,
Testing Underworld Telecommunications,
Initializing Secret Societies,
Securing Online Database,
Pre-Inking Simoleon Plates,
Neutralizing Shuriken Oxidization,
Gleefully Stacking Inventories,
De-chlorophyllizing Leaves,
Calculating Snowball Trajectories,
Unexpectedly Reticulating Splines,
Timing Temperature Transference,
Simulating Sparkling Surfaces,
Reverse-Engineering Party Scores,
Unfolding Foldy Chairs,
Crash-Proofing Parties,
Cooling Down Refrigerators,
Putting Down Toilet Seats,
Extruding Mesh Terrain,
Normalizing Social Network,
Inserting Chaos Generator,
Concatenating Vertex Nodes,
Mapping Influence Attributes,
Assigning Mimic Propagation,
Iterating Chaos Array,
Inserting Extension Algorithms,
Cabalizing NPC Controls,
Activating Deviance Threshold,
Recycling Hex Decimals,
Optimizing Baking Temperature,
Simulating Program Execution,
 ||||||||||||||||||||||||||||||||||||||||||,
 [--------------------------------------------------],
 [0...10...20...30...40...50...60...70...80...90...100],
 loading something with really technical terms involved,
 crashing server (spoiler alert),
 ,
 ,
 ,
 ,
 ,
 ,
 ,
 ,
 ,
 ,
 ,
 ,
 ,
 ,
 ,
 ,
 ,
 ,
 ,
 ,
 ,
 ,
 ,
 ,
 ,
 ,
 ,
 ,
 ,
 ,
 ,
 ,
 ,
 ,
 ,
 ,
 ,
 ,
 ,
 ,
 ,
 ,
 ,
 ,
 ,
 ,
 ,
 ,
 ,
 ,
 ,
 ,
 ,
 ,
 ,
 ,
 ,
 ,
 ,
 ,
 ,
 ,
 ,
 ,
 ,
 ,
 ,
 ,
 ,
 ,
 ,
 ,
 ,
 ,
 ,
 ,
 ,
 ,
 ,
 ,
 ,
 ,
 ,
 ,
 ,
 ,
 ,
 ,
 ,
 ,
 ,
 ,
 ,
 ,
 ,
 ,
 ,
 ,
 ,
 ,
 ,
 ,
 ,
 ,
 ,
 ,
 ,
 ,
 ,
 ,
 ,
 ,
 ,
 ,
 ,
 ,
 ,
 ,
 ,
 ,
 ,
 ,
 ,
 ,
 ,
 ,
 ,
 ,
 ,
 ,
 ,
 ,
 ,
 ,
 ,
 ,
 ,
 ,
 ,
 ,
 ,
 ,
 ,
 ,
 ,
 ,
 ,
 ,
 ,
 ,
 ,
 ,
 ,
 ,
 ,
 ,
 ,
 ,
 ,
 ,
 ,
 ,
 ,
 ,
 ,
 ,
 ,
 ,
 ,
 ,
 ,
 ,
 ,
 ,
 ,
 ,
 ,
 ,
 ,
 ,
 ,
 ,
 ,
 ,
 ,
 ,
 ,
 ,
 ,
 ,
 ,
 ,
 ,
 ,
 ,
 ,
 ,
 ,
 ,
 ,
 ,
 ,
 ,
 ,
 ,
 ,
 ,
 ,
 ,
 ,
 ,
 ,
 ,
 ,
 ,
 ,
 ,
 ,
 ,
 ,
 ,
 ,
 ,
 ,
 ,
 ,
 ,
 ,
 ,
 ,
 ,
 ,
 ,
 ,
 ,
 ,
 ,
 ,
 ,
 ,
 ,
 ,
 ,
 ,
 ,
 ,
 ,
 ,
 ,
 ,
 ,
 ,
 ,
 ,
 ,
 ,
 ,
 ,
 ,
 ,
 ,
 ,
 ,
 ,
 ,
 ,
 ,
 ,
 ,
 ,
 ,
 ,
 ,
 ,
 ,
 ,
 ,
 ,
 ,
 ,
 ,
 ,
 ,
 ,
 ,
 ,
 [    0.000000] kernel: microcode: microcode updated early to revision 0xea, date = 2021-01-05,
[    0.000000] kernel: Linux version 5.13.0-44-lowlatency (buildd@lcy02-amd64-107) (gcc (Ubuntu 9.4.0-1ubuntu1~20.04.1) 9.4.0, GNU ld (GNU Binutils for Ubuntu) 2.34) #49~20.04.1-Ubuntu SMP PREEMPT Wed May 18 19:44:02 UTC 2022 (Ubuntu 5.13.0-44.49~20.04.1-lowlatency 5.13.19),
[    0.000000] kernel: Command line: BOOT_IMAGE=/boot/vmlinuz-5.13.0-44-lowlatency root=UUID=372256d5-d110-4a70-968e-13843ba9ccc3 ro quiet splash vt.handoff=1,
[    0.000000] kernel: KERNEL supported cpus:,
[    0.000000] kernel:   Intel GenuineIntel,
[    0.000000] kernel:   AMD AuthenticAMD,
[    0.000000] kernel:   Hygon HygonGenuine,
[    0.000000] kernel:   Centaur CentaurHauls,
[    0.000000] kernel:   zhaoxin   Shanghai  ,
[    0.000000] kernel: x86/fpu: Supporting XSAVE feature 0x001: 'x87 floating point registers',
[    0.000000] kernel: x86/fpu: Supporting XSAVE feature 0x002: 'SSE registers',
[    0.000000] kernel: x86/fpu: Supporting XSAVE feature 0x004: 'AVX registers',
[    0.000000] kernel: x86/fpu: Supporting XSAVE feature 0x008: 'MPX bounds registers',
[    0.000000] kernel: x86/fpu: Supporting XSAVE feature 0x010: 'MPX CSR',
[    0.000000] kernel: x86/fpu: xstate_offset[2]:  576, xstate_sizes[2]:  256,
[    0.000000] kernel: x86/fpu: xstate_offset[3]:  832, xstate_sizes[3]:   64,
[    0.000000] kernel: x86/fpu: xstate_offset[4]:  896, xstate_sizes[4]:   64,
[    0.000000] kernel: x86/fpu: Enabled xstate features 0x1f, context size is 960 bytes, using 'compacted' format.,
[    0.000000] kernel: BIOS-provided physical RAM map:,
[    0.000000] kernel: BIOS-e820: [mem 0x0000000000000000-0x0000000000057fff] usable,
[    0.000000] kernel: BIOS-e820: [mem 0x0000000000058000-0x0000000000058fff] reserved,
[    0.000000] kernel: BIOS-e820: [mem 0x0000000000059000-0x000000000009dfff] usable,
[    0.000000] kernel: BIOS-e820: [mem 0x000000000009e000-0x00000000000fffff] reserved,
[    0.000000] kernel: BIOS-e820: [mem 0x0000000000100000-0x00000000753bffff] usable,
[    0.000000] kernel: BIOS-e820: [mem 0x00000000753c0000-0x00000000753c0fff] ACPI NVS,
[    0.000000] kernel: BIOS-e820: [mem 0x00000000753c1000-0x00000000753c1fff] reserved,
[    0.000000] kernel: BIOS-e820: [mem 0x00000000753c2000-0x0000000079d37fff] usable,
[    0.000000] kernel: BIOS-e820: [mem 0x0000000079d38000-0x000000007aa94fff] reserved,
[    0.000000] kernel: BIOS-e820: [mem 0x000000007aa95000-0x000000007aae0fff] ACPI data,
[    0.000000] kernel: BIOS-e820: [mem 0x000000007aae1000-0x000000007af23fff] ACPI NVS,
[    0.000000] kernel: BIOS-e820: [mem 0x000000007af24000-0x000000007b3fdfff] reserved,
[    0.000000] kernel: BIOS-e820: [mem 0x000000007b3fe000-0x000000007b3fefff] usable,
[    0.000000] kernel: BIOS-e820: [mem 0x000000007b3ff000-0x000000007fffffff] reserved,
[    0.000000] kernel: BIOS-e820: [mem 0x00000000e0000000-0x00000000efffffff] reserved,
[    0.000000] kernel: BIOS-e820: [mem 0x00000000fe000000-0x00000000fe010fff] reserved,
[    0.000000] kernel: BIOS-e820: [mem 0x00000000fec00000-0x00000000fec00fff] reserved,
[    0.000000] kernel: BIOS-e820: [mem 0x00000000fed00000-0x00000000fed00fff] reserved,
[    0.000000] kernel: BIOS-e820: [mem 0x00000000fee00000-0x00000000fee00fff] reserved,
[    0.000000] kernel: BIOS-e820: [mem 0x00000000ff000000-0x00000000ffffffff] reserved,
[    0.000000] kernel: BIOS-e820: [mem 0x0000000100000000-0x000000067effffff] usable,
[    0.000000] kernel: NX (Execute Disable) protection: active,
[    0.000000] kernel: e820: update [mem 0x73be9018-0x73c12257] usable ==> usable,
[    0.000000] kernel: e820: update [mem 0x73be9018-0x73c12257] usable ==> usable,
[    0.000000] kernel: extended physical RAM map:,
[    0.000000] kernel: reserve setup_data: [mem 0x0000000000000000-0x0000000000057fff] usable,
[    0.000000] kernel: reserve setup_data: [mem 0x0000000000058000-0x0000000000058fff] reserved,
[    0.000000] kernel: reserve setup_data: [mem 0x0000000000059000-0x000000000009dfff] usable,
[    0.000000] kernel: reserve setup_data: [mem 0x000000000009e000-0x00000000000fffff] reserved,
[    0.000000] kernel: reserve setup_data: [mem 0x0000000000100000-0x0000000073be9017] usable,
[    0.000000] kernel: reserve setup_data: [mem 0x0000000073be9018-0x0000000073c12257] usable,
[    0.000000] kernel: reserve setup_data: [mem 0x0000000073c12258-0x00000000753bffff] usable,
[    0.000000] kernel: reserve setup_data: [mem 0x00000000753c0000-0x00000000753c0fff] ACPI NVS,
[    0.000000] kernel: reserve setup_data: [mem 0x00000000753c1000-0x00000000753c1fff] reserved,
[    0.000000] kernel: reserve setup_data: [mem 0x00000000753c2000-0x0000000079d37fff] usable,
[    0.000000] kernel: reserve setup_data: [mem 0x0000000079d38000-0x000000007aa94fff] reserved,
[    0.000000] kernel: reserve setup_data: [mem 0x000000007aa95000-0x000000007aae0fff] ACPI data,
[    0.000000] kernel: reserve setup_data: [mem 0x000000007aae1000-0x000000007af23fff] ACPI NVS,
[    0.000000] kernel: reserve setup_data: [mem 0x000000007af24000-0x000000007b3fdfff] reserved,
[    0.000000] kernel: reserve setup_data: [mem 0x000000007b3fe000-0x000000007b3fefff] usable,
[    0.000000] kernel: reserve setup_data: [mem 0x000000007b3ff000-0x000000007fffffff] reserved,
[    0.000000] kernel: reserve setup_data: [mem 0x00000000e0000000-0x00000000efffffff] reserved,
[    0.000000] kernel: reserve setup_data: [mem 0x00000000fe000000-0x00000000fe010fff] reserved,
[    0.000000] kernel: reserve setup_data: [mem 0x00000000fec00000-0x00000000fec00fff] reserved,
[    0.000000] kernel: reserve setup_data: [mem 0x00000000fed00000-0x00000000fed00fff] reserved,
[    0.000000] kernel: reserve setup_data: [mem 0x00000000fee00000-0x00000000fee00fff] reserved,
[    0.000000] kernel: reserve setup_data: [mem 0x00000000ff000000-0x00000000ffffffff] reserved,
[    0.000000] kernel: reserve setup_data: [mem 0x0000000100000000-0x000000067effffff] usable,
[    0.000000] kernel: efi: EFI v2.50 by American Megatrends,
[    0.000000] kernel: efi: TPMFinalLog=0x7af0c000 ACPI 2.0=0x7aaa4000 ACPI=0x7aaa4000 SMBIOS=0x7b2ec000 SMBIOS 3.0=0x7b2eb000 ESRT=0x77015098 MOKvar=0x7684c000 TPMEventLog=0x75471018 ,
[    0.000000] kernel: secureboot: Secure boot disabled,
[    0.000000] kernel: SMBIOS 3.0.0 present.,
[    0.000000] kernel: DMI: ASUSTeK COMPUTER INC. GL553VD/GL553VD, BIOS GL553VD.308 04/29/2019,
[    0.000000] kernel: tsc: Detected 2800.000 MHz processor,
[    0.000000] kernel: tsc: Detected 2799.927 MHz TSC,
[    0.001157] kernel: e820: update [mem 0x00000000-0x00000fff] usable ==> reserved,
[    0.001161] kernel: e820: remove [mem 0x000a0000-0x000fffff] usable,
[    0.001168] kernel: last_pfn = 0x67f000 max_arch_pfn = 0x400000000,
[    0.001323] kernel: x86/PAT: Configuration [0-7]: WB  WC  UC- UC  WB  WP  UC- WT  ,
[    0.002316] kernel: last_pfn = 0x7b3ff max_arch_pfn = 0x400000000,
[    0.014940] kernel: esrt: Reserving ESRT space from 0x0000000077015098 to 0x00000000770150d0.,
[    0.014945] kernel: e820: update [mem 0x77015000-0x77015fff] usable ==> reserved,
[    0.014957] kernel: e820: update [mem 0x7684c000-0x7684cfff] usable ==> reserved,
[    0.014971] kernel: Using GB pages for direct mapping,
[    0.015392] kernel: secureboot: Secure boot disabled,
[    0.015393] kernel: RAMDISK: [mem 0x35b09000-0x3fffdfff],
[    0.015398] kernel: ACPI: Early table checksum verification disabled,
[    0.015401] kernel: ACPI: RSDP 0x000000007AAA4000 000024 (v02 _ASUS_),
[    0.015405] kernel: ACPI: XSDT 0x000000007AAA40C0 0000FC (v01 _ASUS_ Notebook 01072009 AMI  00010013),
[    0.015410] kernel: ACPI: FACP 0x000000007AAD3658 000114 (v06 _ASUS_ Notebook 01072009 AMI  00010013),
[    0.015416] kernel: ACPI: DSDT 0x000000007AAA4248 02F40A (v02 _ASUS_ Notebook 01072009 INTL 20160422),
[    0.015419] kernel: ACPI: FACS 0x000000007AF0BC40 000040,
[    0.015422] kernel: ACPI: APIC 0x000000007AAD3770 0000BC (v03 _ASUS_ Notebook 01072009 AMI  00010013),
[    0.015425] kernel: ACPI: FPDT 0x000000007AAD3830 000044 (v01 _ASUS_ Notebook 01072009 AMI  00010013),
[    0.015428] kernel: ACPI: MCFG 0x000000007AAD3878 00003C (v01 _ASUS_ Notebook 01072009 MSFT 00000097),
[    0.015431] kernel: ACPI: SSDT 0x000000007AAD38B8 0002F2 (v01 SataRe SataTabl 00001000 INTL 20160422),
[    0.015434] kernel: ACPI: FIDT 0x000000007AAD3BB0 00009C (v01 _ASUS_ Notebook 01072009 AMI  00010013),
[    0.015437] kernel: ACPI: MSDM 0x000000007AAD3C50 000055 (v03 _ASUS_ Notebook 01072009 ASUS 00000001),
[    0.015440] kernel: ACPI: SSDT 0x000000007AAD3CA8 00340B (v02 SaSsdt SaSsdt   00003000 INTL 20160422),
[    0.015443] kernel: ACPI: SSDT 0x000000007AAD70B8 0028D3 (v02 PegSsd PegSsdt  00001000 INTL 20160422),
[    0.015446] kernel: ACPI: HPET 0x000000007AAD9990 000038 (v01 INTEL  KBL      00000001 MSFT 0000005F),
[    0.015449] kernel: ACPI: SSDT 0x000000007AAD99C8 00098A (v02 INTEL  xh_rvp11 00000000 INTL 20160422),
[    0.015452] kernel: ACPI: UEFI 0x000000007AADA358 000042 (v01 INTEL  EDK2     00000002      01000013),
[    0.015455] kernel: ACPI: SSDT 0x000000007AADA3A0 000EDE (v02 CpuRef CpuSsdt  00003000 INTL 20160422),
[    0.015459] kernel: ACPI: ECDT 0x000000007AADB280 0000C1 (v01 OEM    OEM      00000001 OEM. 00000003),
[    0.015462] kernel: ACPI: LPIT 0x000000007AADB348 000094 (v01 INTEL  KBL      00000000 MSFT 0000005F),
[    0.015464] kernel: ACPI: WSMT 0x000000007AADB3E0 000028 (v01 INTEL  KBL      00000000 MSFT 0000005F),
[    0.015467] kernel: ACPI: SSDT 0x000000007AADB408 00029F (v02 INTEL  sensrhub 00000000 INTL 20160422),
[    0.015470] kernel: ACPI: SSDT 0x000000007AADB6A8 003002 (v02 INTEL  PtidDevc 00001000 INTL 20160422),
[    0.015473] kernel: ACPI: SSDT 0x000000007AADE6B0 00028D (v02 INTEL  zpodd    00001000 INTL 20160422),
[    0.015477] kernel: ACPI: DBGP 0x000000007AADE940 000034 (v01 INTEL           00000002 MSFT 0000005F),
[    0.015480] kernel: ACPI: DBG2 0x000000007AADE978 000054 (v00 INTEL           00000002 MSFT 0000005F),
[    0.015482] kernel: ACPI: BGRT 0x000000007AADE9D0 000038 (v01 _ASUS_ Notebook 01072009 AMI  00010013),
[    0.015485] kernel: ACPI: SSDT 0x000000007AADEA08 0000B4 (v02 SgRef  SgPeg    00001000 INTL 20160422),
[    0.015488] kernel: ACPI: DMAR 0x000000007AADEAC0 0000CC (v01 INTEL  KBL      00000001 INTL 00000001),
[    0.015492] kernel: ACPI: NHLT 0x000000007AADEB90 00002D (v00 INTEL  EDK2     00000002      01000013),
[    0.015495] kernel: ACPI: TPM2 0x000000007AADEBC0 000034 (v03        Tpm2Tabl 00000001 AMI  00000000),
[    0.015498] kernel: ACPI: SSDT 0x000000007AADEBF8 001D06 (v01 OptRef OptTabl  00001000 INTL 20160422),
[    0.015500] kernel: ACPI: Reserving FACP table memory at [mem 0x7aad3658-0x7aad376b],
[    0.015502] kernel: ACPI: Reserving DSDT table memory at [mem 0x7aaa4248-0x7aad3651],
[    0.015503] kernel: ACPI: Reserving FACS table memory at [mem 0x7af0bc40-0x7af0bc7f],
[    0.015504] kernel: ACPI: Reserving APIC table memory at [mem 0x7aad3770-0x7aad382b],
[    0.015505] kernel: ACPI: Reserving FPDT table memory at [mem 0x7aad3830-0x7aad3873],
[    0.015506] kernel: ACPI: Reserving MCFG table memory at [mem 0x7aad3878-0x7aad38b3],
[    0.015507] kernel: ACPI: Reserving SSDT table memory at [mem 0x7aad38b8-0x7aad3ba9],
[    0.015508] kernel: ACPI: Reserving FIDT table memory at [mem 0x7aad3bb0-0x7aad3c4b],
[    0.015509] kernel: ACPI: Reserving MSDM table memory at [mem 0x7aad3c50-0x7aad3ca4],
[    0.015510] kernel: ACPI: Reserving SSDT table memory at [mem 0x7aad3ca8-0x7aad70b2],
[    0.015511] kernel: ACPI: Reserving SSDT table memory at [mem 0x7aad70b8-0x7aad998a],
[    0.015512] kernel: ACPI: Reserving HPET table memory at [mem 0x7aad9990-0x7aad99c7],
[    0.015513] kernel: ACPI: Reserving SSDT table memory at [mem 0x7aad99c8-0x7aada351],
[    0.015514] kernel: ACPI: Reserving UEFI table memory at [mem 0x7aada358-0x7aada399],
[    0.015515] kernel: ACPI: Reserving SSDT table memory at [mem 0x7aada3a0-0x7aadb27d],
[    0.015516] kernel: ACPI: Reserving ECDT table memory at [mem 0x7aadb280-0x7aadb340],
[    0.015517] kernel: ACPI: Reserving LPIT table memory at [mem 0x7aadb348-0x7aadb3db],
[    0.015518] kernel: ACPI: Reserving WSMT table memory at [mem 0x7aadb3e0-0x7aadb407],
[    0.015519] kernel: ACPI: Reserving SSDT table memory at [mem 0x7aadb408-0x7aadb6a6],
[    0.015520] kernel: ACPI: Reserving SSDT table memory at [mem 0x7aadb6a8-0x7aade6a9],
[    0.015521] kernel: ACPI: Reserving SSDT table memory at [mem 0x7aade6b0-0x7aade93c],
[    0.015522] kernel: ACPI: Reserving DBGP table memory at [mem 0x7aade940-0x7aade973],
[    0.015523] kernel: ACPI: Reserving DBG2 table memory at [mem 0x7aade978-0x7aade9cb],
[    0.015524] kernel: ACPI: Reserving BGRT table memory at [mem 0x7aade9d0-0x7aadea07],
[    0.015525] kernel: ACPI: Reserving SSDT table memory at [mem 0x7aadea08-0x7aadeabb],
[    0.015526] kernel: ACPI: Reserving DMAR table memory at [mem 0x7aadeac0-0x7aadeb8b],
[    0.015528] kernel: ACPI: Reserving NHLT table memory at [mem 0x7aadeb90-0x7aadebbc],
[    0.015529] kernel: ACPI: Reserving TPM2 table memory at [mem 0x7aadebc0-0x7aadebf3],
[    0.015530] kernel: ACPI: Reserving SSDT table memory at [mem 0x7aadebf8-0x7aae08fd],
[    0.015541] kernel: ACPI: Local APIC address 0xfee00000,
[    0.015864] kernel: No NUMA configuration found,
[    0.015865] kernel: Faking a node at [mem 0x0000000000000000-0x000000067effffff],
[    0.015874] kernel: NODE_DATA(0) allocated [mem 0x67efd6000-0x67effffff],
[    0.016161] kernel: Zone ranges:,
[    0.016161] kernel:   DMA      [mem 0x0000000000001000-0x0000000000ffffff],
[    0.016164] kernel:   DMA32    [mem 0x0000000001000000-0x00000000ffffffff],
[    0.016166] kernel:   Normal   [mem 0x0000000100000000-0x000000067effffff],
[    0.016167] kernel:   Device   empty,
[    0.016168] kernel: Movable zone start for each node,
[    0.016171] kernel: Early memory node ranges,
[    0.016172] kernel:   node   0: [mem 0x0000000000001000-0x0000000000057fff],
[    0.016173] kernel:   node   0: [mem 0x0000000000059000-0x000000000009dfff],
[    0.016174] kernel:   node   0: [mem 0x0000000000100000-0x00000000753bffff],
[    0.016176] kernel:   node   0: [mem 0x00000000753c2000-0x0000000079d37fff],
[    0.016176] kernel:   node   0: [mem 0x000000007b3fe000-0x000000007b3fefff],
[    0.016177] kernel:   node   0: [mem 0x0000000100000000-0x000000067effffff],
[    0.016180] kernel: Initmem setup node 0 [mem 0x0000000000001000-0x000000067effffff],
[    0.016182] kernel: On node 0 totalpages: 6261971,
[    0.016183] kernel:   DMA zone: 64 pages used for memmap,
[    0.016184] kernel:   DMA zone: 156 pages reserved,
[    0.016185] kernel:   DMA zone: 3996 pages, LIFO batch:0,
[    0.016186] kernel:   DMA32 zone: 7733 pages used for memmap,
[    0.016187] kernel:   DMA32 zone: 494903 pages, LIFO batch:63,
[    0.016189] kernel:   Normal zone: 90048 pages used for memmap,
[    0.016189] kernel:   Normal zone: 5763072 pages, LIFO batch:63,
[    0.016191] kernel: On node 0, zone DMA: 1 pages in unavailable ranges,
[    0.016193] kernel: On node 0, zone DMA: 1 pages in unavailable ranges,
[    0.016213] kernel: On node 0, zone DMA: 98 pages in unavailable ranges,
[    0.018744] kernel: On node 0, zone DMA32: 2 pages in unavailable ranges,
[    0.018800] kernel: On node 0, zone DMA32: 5830 pages in unavailable ranges,
[    0.048321] kernel: On node 0, zone Normal: 19457 pages in unavailable ranges,
[    0.048360] kernel: On node 0, zone Normal: 4096 pages in unavailable ranges,
[    0.048380] kernel: Reserving Intel graphics memory at [mem 0x7c000000-0x7fffffff],
[    0.048585] kernel: ACPI: PM-Timer IO Port: 0x1808,
[    0.048587] kernel: ACPI: Local APIC address 0xfee00000,
[    0.048593] kernel: ACPI: LAPIC_NMI (acpi_id[0x01] high edge lint[0x1]),
[    0.048595] kernel: ACPI: LAPIC_NMI (acpi_id[0x02] high edge lint[0x1]),
[    0.048596] kernel: ACPI: LAPIC_NMI (acpi_id[0x03] high edge lint[0x1]),
[    0.048597] kernel: ACPI: LAPIC_NMI (acpi_id[0x04] high edge lint[0x1]),
[    0.048598] kernel: ACPI: LAPIC_NMI (acpi_id[0x05] high edge lint[0x1]),
[    0.048598] kernel: ACPI: LAPIC_NMI (acpi_id[0x06] high edge lint[0x1]),
[    0.048599] kernel: ACPI: LAPIC_NMI (acpi_id[0x07] high edge lint[0x1]),
[    0.048600] kernel: ACPI: LAPIC_NMI (acpi_id[0x08] high edge lint[0x1]),
[    0.048626] kernel: IOAPIC[0]: apic_id 2, version 32, address 0xfec00000, GSI 0-119,
[    0.048629] kernel: ACPI: INT_SRC_OVR (bus 0 bus_irq 0 global_irq 2 dfl dfl),
[    0.048631] kernel: ACPI: INT_SRC_OVR (bus 0 bus_irq 9 global_irq 9 high level),
[    0.048633] kernel: ACPI: IRQ0 used by override.,
[    0.048634] kernel: ACPI: IRQ9 used by override.,
[    0.048636] kernel: Using ACPI (MADT) for SMP configuration information,
[    0.048637] kernel: ACPI: HPET id: 0x8086a201 base: 0xfed00000,
[    0.048644] kernel: e820: update [mem 0x76eb6000-0x76ee4fff] usable ==> reserved,
[    0.048654] kernel: TSC deadline timer available,
[    0.048655] kernel: smpboot: Allowing 8 CPUs, 0 hotplug CPUs,
[    0.048674] kernel: PM: hibernation: Registered nosave memory: [mem 0x00000000-0x00000fff],
[    0.048677] kernel: PM: hibernation: Registered nosave memory: [mem 0x00058000-0x00058fff],
[    0.048679] kernel: PM: hibernation: Registered nosave memory: [mem 0x0009e000-0x000fffff],
[    0.048680] kernel: PM: hibernation: Registered nosave memory: [mem 0x73be9000-0x73be9fff],
[    0.048682] kernel: PM: hibernation: Registered nosave memory: [mem 0x73c12000-0x73c12fff],
[    0.048684] kernel: PM: hibernation: Registered nosave memory: [mem 0x753c0000-0x753c0fff],
[    0.048685] kernel: PM: hibernation: Registered nosave memory: [mem 0x753c1000-0x753c1fff],
[    0.048686] kernel: PM: hibernation: Registered nosave memory: [mem 0x7684c000-0x7684cfff],
[    0.048688] kernel: PM: hibernation: Registered nosave memory: [mem 0x76eb6000-0x76ee4fff],
[    0.048690] kernel: PM: hibernation: Registered nosave memory: [mem 0x77015000-0x77015fff],
[    0.048692] kernel: PM: hibernation: Registered nosave memory: [mem 0x79d38000-0x7aa94fff],
[    0.048692] kernel: PM: hibernation: Registered nosave memory: [mem 0x7aa95000-0x7aae0fff],
[    0.048693] kernel: PM: hibernation: Registered nosave memory: [mem 0x7aae1000-0x7af23fff],
[    0.048694] kernel: PM: hibernation: Registered nosave memory: [mem 0x7af24000-0x7b3fdfff],
[    0.048696] kernel: PM: hibernation: Registered nosave memory: [mem 0x7b3ff000-0x7fffffff],
[    0.048696] kernel: PM: hibernation: Registered nosave memory: [mem 0x80000000-0xdfffffff],
[    0.048697] kernel: PM: hibernation: Registered nosave memory: [mem 0xe0000000-0xefffffff],
[    0.048698] kernel: PM: hibernation: Registered nosave memory: [mem 0xf0000000-0xfdffffff],
[    0.048699] kernel: PM: hibernation: Registered nosave memory: [mem 0xfe000000-0xfe010fff],
[    0.048699] kernel: PM: hibernation: Registered nosave memory: [mem 0xfe011000-0xfebfffff],
[    0.048700] kernel: PM: hibernation: Registered nosave memory: [mem 0xfec00000-0xfec00fff],
[    0.048701] kernel: PM: hibernation: Registered nosave memory: [mem 0xfec01000-0xfecfffff],
[    0.048702] kernel: PM: hibernation: Registered nosave memory: [mem 0xfed00000-0xfed00fff],
[    0.048702] kernel: PM: hibernation: Registered nosave memory: [mem 0xfed01000-0xfedfffff],
[    0.048703] kernel: PM: hibernation: Registered nosave memory: [mem 0xfee00000-0xfee00fff],
[    0.048704] kernel: PM: hibernation: Registered nosave memory: [mem 0xfee01000-0xfeffffff],
[    0.048705] kernel: PM: hibernation: Registered nosave memory: [mem 0xff000000-0xffffffff],
[    0.048706] kernel: [mem 0x80000000-0xdfffffff] available for PCI devices,
[    0.048707] kernel: Booting paravirtualized kernel on bare hardware,
[    0.048709] kernel: clocksource: refined-jiffies: mask: 0xffffffff max_cycles: 0xffffffff, max_idle_ns: 1910969940391419 ns,
[    0.048716] kernel: setup_percpu: NR_CPUS:8192 nr_cpumask_bits:8 nr_cpu_ids:8 nr_node_ids:1,
[    0.048979] kernel: percpu: Embedded 65 pages/cpu s229376 r8192 d28672 u524288,
[    0.048989] kernel: pcpu-alloc: s229376 r8192 d28672 u524288 alloc=1*2097152,
[    0.048991] kernel: pcpu-alloc: [0] 0 1 2 3 [0] 4 5 6 7 ,
[    0.049020] kernel: Built 1 zonelists, mobility grouping on.  Total pages: 6163970,
[    0.049022] kernel: Policy zone: Normal,
[    0.049023] kernel: Kernel command line: BOOT_IMAGE=/boot/vmlinuz-5.13.0-44-lowlatency root=UUID=372256d5-d110-4a70-968e-13843ba9ccc3 ro quiet splash vt.handoff=1,
[    0.050594] kernel: Dentry cache hash table entries: 4194304 (order: 13, 33554432 bytes, linear),
[    0.051357] kernel: Inode-cache hash table entries: 2097152 (order: 12, 16777216 bytes, linear),
[    0.051440] kernel: mem auto-init: stack:off, heap alloc:on, heap free:off,
[    0.097642] kernel: Memory: 24229632K/25047884K available (16393K kernel code, 3566K rwdata, 10532K rodata, 2792K init, 5784K bss, 817992K reserved, 0K cma-reserved),
[    0.097649] kernel: random: get_random_u64 called from __kmem_cache_create+0x2d/0x440 with crng_init=0,
[    0.097760] kernel: SLUB: HWalign=64, Order=0-3, MinObjects=0, CPUs=8, Nodes=1,
[    0.097773] kernel: Kernel/User page tables isolation: enabled,
[    0.097787] kernel: ftrace: allocating 49309 entries in 193 pages,
[    0.113898] kernel: ftrace: allocated 193 pages with 3 groups,
[    0.113996] kernel: rcu: Preemptible hierarchical RCU implementation.,
[    0.113997] kernel: rcu:         RCU restricting CPUs from NR_CPUS=8192 to nr_cpu_ids=8.,
[    0.113998] kernel:         Trampoline variant of Tasks RCU enabled.,
[    0.113998] kernel:         Rude variant of Tasks RCU enabled.,
[    0.113999] kernel:         Tracing variant of Tasks RCU enabled.,
[    0.114000] kernel: rcu: RCU calculated value of scheduler-enlistment delay is 100 jiffies.,
[    0.114001] kernel: rcu: Adjusting geometry for rcu_fanout_leaf=16, nr_cpu_ids=8,
[    0.118017] kernel: NR_IRQS: 524544, nr_irqs: 2048, preallocated irqs: 16,
[    0.118479] kernel: random: crng done (trusting CPU's manufacturer),
[    0.118504] kernel: vt handoff: transparent VT on vt#1,
[    0.118515] kernel: Console: colour dummy device 80x25,
[    0.118532] kernel: printk: console [tty0] enabled,
[    0.118547] kernel: ACPI: Core revision 20210331,
[    0.118806] kernel: hpet: HPET dysfunctional in PC10. Force disabled.,
[    0.118807] kernel: APIC: Switch to symmetric I/O mode setup,
[    0.118809] kernel: DMAR: Host address width 39,
[    0.118810] kernel: DMAR: DRHD base: 0x000000fed90000 flags: 0x0,
[    0.118815] kernel: DMAR: dmar0: reg_base_addr fed90000 ver 1:0 cap 1c0000c40660462 ecap 19e2ff0505e,
[    0.118818] kernel: DMAR: DRHD base: 0x000000fed91000 flags: 0x1,
[    0.118821] kernel: DMAR: dmar1: reg_base_addr fed91000 ver 1:0 cap d2008c40660462 ecap f050da,
[    0.118823] kernel: DMAR: RMRR base: 0x0000007a1fd000 end: 0x0000007a21cfff,
[    0.118825] kernel: DMAR: RMRR base: 0x0000007b800000 end: 0x0000007fffffff,
[    0.118826] kernel: DMAR: ANDD device: 1 name: \_SB.PCI0.I2C0,
[    0.118828] kernel: DMAR-IR: IOAPIC id 2 under DRHD base  0xfed91000 IOMMU 1,
[    0.118829] kernel: DMAR-IR: HPET id 0 under DRHD base 0xfed91000,
[    0.118830] kernel: DMAR-IR: Queued invalidation will be enabled to support x2apic and Intr-remapping.,
[    0.120322] kernel: DMAR-IR: Enabled IRQ remapping in x2apic mode,
[    0.120324] kernel: x2apic enabled,
[    0.120336] kernel: Switched APIC routing to cluster x2apic.,
[    0.124112] kernel: clocksource: tsc-early: mask: 0xffffffffffffffff max_cycles: 0x285bfbafad2, max_idle_ns: 440795215530 ns,
[    0.124117] kernel: Calibrating delay loop (skipped), value calculated using timer frequency.. 5599.85 BogoMIPS (lpj=2799927),
[    0.124120] kernel: pid_max: default: 32768 minimum: 301,
[    0.125115] kernel: LSM: Security Framework initializing,
[    0.125115] kernel: Yama: becoming mindful.,
[    0.125115] kernel: AppArmor: AppArmor initialized,
[    0.125115] kernel: Mount-cache hash table entries: 65536 (order: 7, 524288 bytes, linear),
[    0.125115] kernel: Mountpoint-cache hash table entries: 65536 (order: 7, 524288 bytes, linear),
[    0.125115] kernel: x86/cpu: SGX disabled by BIOS.,
[    0.125115] kernel: CPU0: Thermal monitoring enabled (TM1),
[    0.125115] kernel: process: using mwait in idle threads,
[    0.125115] kernel: Last level iTLB entries: 4KB 64, 2MB 8, 4MB 8,
[    0.125115] kernel: Last level dTLB entries: 4KB 64, 2MB 0, 4MB 0, 1GB 4,
[    0.125115] kernel: Spectre V1 : Mitigation: usercopy/swapgs barriers and __user pointer sanitization,
[    0.125115] kernel: Spectre V2 : Mitigation: Retpolines,
[    0.125115] kernel: Spectre V2 : Spectre v2 / SpectreRSB mitigation: Filling RSB on context switch,
[    0.125115] kernel: Spectre V2 : Enabling Restricted Speculation for firmware calls,
[    0.125115] kernel: Spectre V2 : mitigation: Enabling conditional Indirect Branch Prediction Barrier,
[    0.125115] kernel: Spectre V2 : User space: Mitigation: STIBP via seccomp and prctl,
[    0.125115] kernel: Speculative Store Bypass: Mitigation: Speculative Store Bypass disabled via prctl and seccomp,
[    0.125115] kernel: SRBDS: Mitigation: Microcode,
[    0.125115] kernel: MDS: Mitigation: Clear CPU buffers,
[    0.125115] kernel: Freeing SMP alternatives memory: 40K,
[    0.125115] kernel: smpboot: Estimated ratio of average max frequency by base frequency (times 1024): 1243,
[    0.125115] kernel: smpboot: CPU0: Intel(R) Core(TM) i7-7700HQ CPU @ 2.80GHz (family: 0x6, model: 0x9e, stepping: 0x9),
[    0.125115] kernel: Performance Events: PEBS fmt3+, Skylake events, 32-deep LBR, full-width counters, Intel PMU driver.,
[    0.125115] kernel: ... version:                4,
[    0.125115] kernel: ... bit width:              48,
[    0.125115] kernel: ... generic registers:      4,
[    0.125115] kernel: ... value mask:             0000ffffffffffff,
[    0.125115] kernel: ... max period:             00007fffffffffff,
[    0.125115] kernel: ... fixed-purpose events:   3,
[    0.125115] kernel: ... event mask:             000000070000000f,
[    0.125115] kernel: rcu: Hierarchical SRCU implementation.,
[    0.125230] kernel: NMI watchdog: Enabled. Permanently consumes one hw-PMU counter.,
[    0.125309] kernel: smp: Bringing up secondary CPUs ...,
[    0.125389] kernel: x86: Booting SMP configuration:,
[    0.125390] kernel: .... node  #0, CPUs:      #1 #2 #3 #4,
[    0.133195] kernel: MDS CPU bug present and SMT on, data leak possible. See https://www.kernel.org/doc/html/latest/admin-guide/hw-vuln/mds.html for more details.,
[    0.133237] kernel:  #5 #6 #7,
[    0.134594] kernel: smp: Brought up 1 node, 8 CPUs,
[    0.134594] kernel: smpboot: Max logical packages: 1,
[    0.134594] kernel: smpboot: Total of 8 processors activated (44798.83 BogoMIPS),
[    0.135774] kernel: devtmpfs: initialized,
[    0.135774] kernel: x86/mm: Memory block size: 128MB,
[    0.137290] kernel: PM: Registering ACPI NVS region [mem 0x753c0000-0x753c0fff] (4096 bytes),
[    0.137290] kernel: PM: Registering ACPI NVS region [mem 0x7aae1000-0x7af23fff] (4468736 bytes),
[    0.137290] kernel: clocksource: jiffies: mask: 0xffffffff max_cycles: 0xffffffff, max_idle_ns: 1911260446275000 ns,
[    0.137290] kernel: futex hash table entries: 2048 (order: 5, 131072 bytes, linear),
[    0.137290] kernel: pinctrl core: initialized pinctrl subsystem,
[    0.137483] kernel: PM: RTC time: 09:42:24, date: 2022-06-04,
[    0.137595] kernel: NET: Registered protocol family 16,
[    0.138131] kernel: DMA: preallocated 4096 KiB GFP_KERNEL pool for atomic allocations,
[    0.138368] kernel: DMA: preallocated 4096 KiB GFP_KERNEL|GFP_DMA pool for atomic allocations,
[    0.138617] kernel: DMA: preallocated 4096 KiB GFP_KERNEL|GFP_DMA32 pool for atomic allocations,
[    0.138628] kernel: audit: initializing netlink subsys (disabled),
[    0.138642] kernel: audit: type=2000 audit(1654335744.014:1): state=initialized audit_enabled=0 res=1,
[    0.138642] kernel: thermal_sys: Registered thermal governor 'fair_share',
[    0.138642] kernel: thermal_sys: Registered thermal governor 'bang_bang',
[    0.138642] kernel: thermal_sys: Registered thermal governor 'step_wise',
[    0.138642] kernel: thermal_sys: Registered thermal governor 'user_space',
[    0.138642] kernel: thermal_sys: Registered thermal governor 'power_allocator',
[    0.138642] kernel: EISA bus registered,
[    0.138642] kernel: cpuidle: using governor ladder,
[    0.138642] kernel: cpuidle: using governor menu,
[    0.138642] kernel: ACPI FADT declares the system doesn't support PCIe ASPM, so disable it,
[    0.138642] kernel: ACPI: bus type PCI registered,
[    0.138642] kernel: acpiphp: ACPI Hot Plug PCI Controller Driver version: 0.5,
[    0.138642] kernel: PCI: MMCONFIG for domain 0000 [bus 00-ff] at [mem 0xe0000000-0xefffffff] (base 0xe0000000),
[    0.138642] kernel: PCI: MMCONFIG at [mem 0xe0000000-0xefffffff] reserved in E820,
[    0.138642] kernel: PCI: Using configuration type 1 for base access,
[    0.139447] kernel: ENERGY_PERF_BIAS: Set to 'normal', was 'performance',
[    0.140151] kernel: Kprobes globally optimized,
[    0.140156] kernel: HugeTLB registered 1.00 GiB page size, pre-allocated 0 pages,
[    0.140156] kernel: HugeTLB registered 2.00 MiB page size, pre-allocated 0 pages,
[    0.141186] kernel: ACPI: Added _OSI(Module Device),
[    0.141187] kernel: ACPI: Added _OSI(Processor Device),
[    0.141188] kernel: ACPI: Added _OSI(3.0 _SCP Extensions),
[    0.141189] kernel: ACPI: Added _OSI(Processor Aggregator Device),
[    0.141190] kernel: ACPI: Added _OSI(Linux-Dell-Video),
[    0.141191] kernel: ACPI: Added _OSI(Linux-Lenovo-NV-HDMI-Audio),
[    0.141192] kernel: ACPI: Added _OSI(Linux-HPI-Hybrid-Graphics),
[    0.175909] kernel: ACPI BIOS Error (bug): Failure creating named object [\_SB.PCI0.SAT0.PRT0], AE_ALREADY_EXISTS (20210331/dswload2-326),
[    0.175917] kernel: ACPI Error: AE_ALREADY_EXISTS, During name lookup/catalog (20210331/psobject-220),
[    0.175920] kernel: ACPI: Skipping parse of AML opcode: Device (0x5B82),
[    0.175923] kernel: ACPI BIOS Error (bug): Failure creating named object [\_SB.PCI0.SAT0.PRT1], AE_ALREADY_EXISTS (20210331/dswload2-326),
[    0.175927] kernel: ACPI Error: AE_ALREADY_EXISTS, During name lookup/catalog (20210331/psobject-220),
[    0.175929] kernel: ACPI: Skipping parse of AML opcode: Device (0x5B82),
[    0.175931] kernel: ACPI BIOS Error (bug): Failure creating named object [\_SB.PCI0.SAT0.PRT3], AE_ALREADY_EXISTS (20210331/dswload2-326),
[    0.175934] kernel: ACPI Error: AE_ALREADY_EXISTS, During name lookup/catalog (20210331/psobject-220),
[    0.175936] kernel: ACPI: Skipping parse of AML opcode: Device (0x5B82),
[    0.175938] kernel: ACPI BIOS Error (bug): Failure creating named object [\_SB.PCI0.SAT0.PRT4], AE_ALREADY_EXISTS (20210331/dswload2-326),
[    0.175941] kernel: ACPI Error: AE_ALREADY_EXISTS, During name lookup/catalog (20210331/psobject-220),
[    0.175944] kernel: ACPI: Skipping parse of AML opcode: Device (0x5B82),
[    0.175946] kernel: ACPI BIOS Error (bug): Failure creating named object [\_SB.PCI0.SAT0.PRT5], AE_ALREADY_EXISTS (20210331/dswload2-326),
[    0.175949] kernel: ACPI Error: AE_ALREADY_EXISTS, During name lookup/catalog (20210331/psobject-220),
[    0.175951] kernel: ACPI: Skipping parse of AML opcode: Device (0x5B82),
[    0.188396] kernel: ACPI: 11 ACPI AML tables successfully acquired and loaded,
[    0.189945] kernel: ACPI: EC: EC started,
[    0.189946] kernel: ACPI: EC: interrupt blocked,
[    0.191549] kernel: ACPI: EC: EC_CMD/EC_SC=0x66, EC_DATA=0x62,
[    0.191551] kernel: ACPI: EC: Boot ECDT EC used to handle transactions,
[    0.192812] kernel: ACPI: [Firmware Bug]: BIOS _OSI(Linux) query ignored,
[    0.209973] kernel: ACPI: Dynamic OEM Table Load:,
[    0.209981] kernel: ACPI: SSDT 0xFFFF9DBBC1871800 000651 (v02 PmRef  Cpu0Ist  00003000 INTL 20160422),
[    0.211518] kernel: ACPI: \_PR_.CPU0: _OSC native thermal LVT Acked,
[    0.213270] kernel: ACPI: Dynamic OEM Table Load:,
[    0.213276] kernel: ACPI: SSDT 0xFFFF9DBBC187B400 0003FF (v02 PmRef  Cpu0Cst  00003001 INTL 20160422),
[    0.214699] kernel: ACPI: Dynamic OEM Table Load:,
[    0.214704] kernel: ACPI: SSDT 0xFFFF9DBBC1883200 000115 (v02 PmRef  Cpu0Hwp  00003000 INTL 20160422),
[    0.215980] kernel: ACPI: Dynamic OEM Table Load:,
[    0.215985] kernel: ACPI: SSDT 0xFFFF9DBBC1885600 0001A4 (v02 PmRef  HwpLvt   00003000 INTL 20160422),
[    0.217645] kernel: ACPI: Dynamic OEM Table Load:,
[    0.217652] kernel: ACPI: SSDT 0xFFFF9DBBC188E000 00065C (v02 PmRef  ApIst    00003000 INTL 20160422),
[    0.219382] kernel: ACPI: Dynamic OEM Table Load:,
[    0.219388] kernel: ACPI: SSDT 0xFFFF9DBBC1886400 000197 (v02 PmRef  ApHwp    00003000 INTL 20160422),
[    0.220773] kernel: ACPI: Dynamic OEM Table Load:,
[    0.220778] kernel: ACPI: SSDT 0xFFFF9DBBC1885C00 00018A (v02 PmRef  ApCst    00003000 INTL 20160422),
[    0.225444] kernel: ACPI: Interpreter enabled,
[    0.225486] kernel: ACPI: (supports S0 S3 S4 S5),
[    0.225488] kernel: ACPI: Using IOAPIC for interrupt routing,
[    0.225528] kernel: PCI: Using host bridge windows from ACPI; if necessary, use "pci=nocrs" and report a bug,
[    0.226740] kernel: ACPI: Enabled 7 GPEs in block 00 to 7F,
[    0.229458] kernel: ACPI: PM: Power Resource [PG00] (on),
[    0.341517] kernel: ACPI: PM: Power Resource [PG01] (on),
[    0.341998] kernel: ACPI: PM: Power Resource [PG02] (on),
[    0.343474] kernel: ACPI: PM: Power Resource [WRST] (on),
[    0.343599] kernel: ACPI: PM: Power Resource [WRST] (on),
[    0.343729] kernel: ACPI: PM: Power Resource [WRST] (on),
[    0.343855] kernel: ACPI: PM: Power Resource [WRST] (on),
[    0.343978] kernel: ACPI: PM: Power Resource [WRST] (on),
[    0.344102] kernel: ACPI: PM: Power Resource [WRST] (on),
[    0.344228] kernel: ACPI: PM: Power Resource [WRST] (on),
[    0.344358] kernel: ACPI: PM: Power Resource [WRST] (on),
[    0.344710] kernel: ACPI: PM: Power Resource [WRST] (on),
[    0.344859] kernel: ACPI: PM: Power Resource [WRST] (on),
[    0.344983] kernel: ACPI: PM: Power Resource [WRST] (on),
[    0.345107] kernel: ACPI: PM: Power Resource [WRST] (on),
[    0.345238] kernel: ACPI: PM: Power Resource [WRST] (on),
[    0.345363] kernel: ACPI: PM: Power Resource [WRST] (on),
[    0.345492] kernel: ACPI: PM: Power Resource [WRST] (on),
[    0.345615] kernel: ACPI: PM: Power Resource [WRST] (on),
[    0.345739] kernel: ACPI: PM: Power Resource [WRST] (on),
[    0.346078] kernel: ACPI: PM: Power Resource [WRST] (on),
[    0.346204] kernel: ACPI: PM: Power Resource [WRST] (on),
[    0.346328] kernel: ACPI: PM: Power Resource [WRST] (on),
[    0.364960] kernel: ACPI: PCI Root Bridge [PCI0] (domain 0000 [bus 00-fe]),
[    0.364968] kernel: acpi PNP0A08:00: _OSC: OS supports [ExtendedConfig ASPM ClockPM Segments MSI HPX-Type3],
[    0.365016] kernel: acpi PNP0A08:00: _OSC: platform retains control of PCIe features (AE_ERROR),
[    0.365743] kernel: PCI host bridge to bus 0000:00,
[    0.365747] kernel: pci_bus 0000:00: root bus resource [bus 00-fe],
[    0.365749] kernel: pci_bus 0000:00: root bus resource [io  0x0000-0x0cf7 window],
[    0.365750] kernel: pci_bus 0000:00: root bus resource [io  0x0d00-0xffff window],
[    0.365752] kernel: pci_bus 0000:00: root bus resource [mem 0x000a0000-0x000fffff window],
[    0.365753] kernel: pci_bus 0000:00: root bus resource [mem 0x80000000-0xdfffffff window],
[    0.365754] kernel: pci_bus 0000:00: root bus resource [mem 0xfd000000-0xfe7fffff window],
[    0.365767] kernel: pci 0000:00:00.0: [8086:5910] type 00 class 0x060000,
[    0.365983] kernel: pci 0000:00:01.0: [8086:1901] type 01 class 0x060400,
[    0.366026] kernel: pci 0000:00:01.0: PME# supported from D0 D3hot D3cold,
[    0.366439] kernel: pci 0000:00:02.0: [8086:591b] type 00 class 0x030000,
[    0.366448] kernel: pci 0000:00:02.0: reg 0x10: [mem 0xdd000000-0xddffffff 64bit],
[    0.366454] kernel: pci 0000:00:02.0: reg 0x18: [mem 0xb0000000-0xbfffffff 64bit pref],
[    0.366458] kernel: pci 0000:00:02.0: reg 0x20: [io  0xf000-0xf03f],
[    0.366475] kernel: pci 0000:00:02.0: BAR 2: assigned to efifb,
[    0.366478] kernel: pci 0000:00:02.0: Video device with shadowed ROM at [mem 0x000c0000-0x000dffff],
[    0.366702] kernel: pci 0000:00:08.0: [8086:1911] type 00 class 0x088000,
[    0.366711] kernel: pci 0000:00:08.0: reg 0x10: [mem 0xdf430000-0xdf430fff 64bit],
[    0.366876] kernel: pci 0000:00:14.0: [8086:a12f] type 00 class 0x0c0330,
[    0.366892] kernel: pci 0000:00:14.0: reg 0x10: [mem 0xdf410000-0xdf41ffff 64bit],
[    0.366957] kernel: pci 0000:00:14.0: PME# supported from D3hot D3cold,
[    0.367647] kernel: pci 0000:00:14.2: [8086:a131] type 00 class 0x118000,
[    0.367664] kernel: pci 0000:00:14.2: reg 0x10: [mem 0xdf42f000-0xdf42ffff 64bit],
[    0.367932] kernel: pci 0000:00:15.0: [8086:a160] type 00 class 0x118000,
[    0.368090] kernel: pci 0000:00:15.0: reg 0x10: [mem 0xdf42e000-0xdf42efff 64bit],
[    0.369180] kernel: pci 0000:00:16.0: [8086:a13a] type 00 class 0x078000,
[    0.369200] kernel: pci 0000:00:16.0: reg 0x10: [mem 0xdf42d000-0xdf42dfff 64bit],
[    0.369271] kernel: pci 0000:00:16.0: PME# supported from D3hot,
[    0.369635] kernel: pci 0000:00:17.0: [8086:a103] type 00 class 0x010601,
[    0.369647] kernel: pci 0000:00:17.0: reg 0x10: [mem 0xdf428000-0xdf429fff],
[    0.369654] kernel: pci 0000:00:17.0: reg 0x14: [mem 0xdf42c000-0xdf42c0ff],
[    0.369661] kernel: pci 0000:00:17.0: reg 0x18: [io  0xf090-0xf097],
[    0.369667] kernel: pci 0000:00:17.0: reg 0x1c: [io  0xf080-0xf083],
[    0.369674] kernel: pci 0000:00:17.0: reg 0x20: [io  0xf060-0xf07f],
[    0.369680] kernel: pci 0000:00:17.0: reg 0x24: [mem 0xdf42b000-0xdf42b7ff],
[    0.369718] kernel: pci 0000:00:17.0: PME# supported from D3hot,
[    0.370055] kernel: pci 0000:00:1c.0: [8086:a112] type 01 class 0x060400,
[    0.370126] kernel: pci 0000:00:1c.0: PME# supported from D0 D3hot D3cold,
[    0.370740] kernel: pci 0000:00:1c.3: [8086:a113] type 01 class 0x060400,
[    0.370810] kernel: pci 0000:00:1c.3: PME# supported from D0 D3hot D3cold,
[    0.371428] kernel: pci 0000:00:1c.6: [8086:a116] type 01 class 0x060400,
[    0.371498] kernel: pci 0000:00:1c.6: PME# supported from D0 D3hot D3cold,
[    0.372108] kernel: pci 0000:00:1f.0: [8086:a152] type 00 class 0x060100,
[    0.372515] kernel: pci 0000:00:1f.2: [8086:a121] type 00 class 0x058000,
[    0.372527] kernel: pci 0000:00:1f.2: reg 0x10: [mem 0xdf424000-0xdf427fff],
[    0.372859] kernel: pci 0000:00:1f.3: [8086:a171] type 00 class 0x040380,
[    0.372878] kernel: pci 0000:00:1f.3: reg 0x10: [mem 0xdf420000-0xdf423fff 64bit],
[    0.372902] kernel: pci 0000:00:1f.3: reg 0x20: [mem 0xdf400000-0xdf40ffff 64bit],
[    0.372948] kernel: pci 0000:00:1f.3: PME# supported from D3hot D3cold,
[    0.373624] kernel: pci 0000:00:1f.4: [8086:a123] type 00 class 0x0c0500,
[    0.373683] kernel: pci 0000:00:1f.4: reg 0x10: [mem 0xdf42a000-0xdf42a0ff 64bit],
[    0.373754] kernel: pci 0000:00:1f.4: reg 0x20: [io  0xf040-0xf05f],
[    0.374162] kernel: pci 0000:01:00.0: [10de:1c8d] type 00 class 0x030200,
[    0.374171] kernel: pci 0000:01:00.0: reg 0x10: [mem 0xde000000-0xdeffffff],
[    0.374179] kernel: pci 0000:01:00.0: reg 0x14: [mem 0xc0000000-0xcfffffff 64bit pref],
[    0.374186] kernel: pci 0000:01:00.0: reg 0x1c: [mem 0xd0000000-0xd1ffffff 64bit pref],
[    0.374191] kernel: pci 0000:01:00.0: reg 0x24: [io  0xe000-0xe07f],
[    0.374196] kernel: pci 0000:01:00.0: reg 0x30: [mem 0xdf000000-0xdf07ffff pref],
[    0.374212] kernel: pci 0000:01:00.0: Enabling HDA controller,
[    0.374577] kernel: pci 0000:00:01.0: PCI bridge to [bus 01],
[    0.374580] kernel: pci 0000:00:01.0:   bridge window [io  0xe000-0xefff],
[    0.374583] kernel: pci 0000:00:01.0:   bridge window [mem 0xde000000-0xdf0fffff],
[    0.374586] kernel: pci 0000:00:01.0:   bridge window [mem 0xc0000000-0xd1ffffff 64bit pref],
[    0.374737] kernel: pci 0000:02:00.0: [8086:095a] type 00 class 0x028000,
[    0.374819] kernel: pci 0000:02:00.0: reg 0x10: [mem 0xdf300000-0xdf301fff 64bit],
[    0.375089] kernel: pci 0000:02:00.0: PME# supported from D0 D3hot D3cold,
[    0.375744] kernel: pci 0000:00:1c.0: PCI bridge to [bus 02],
[    0.375749] kernel: pci 0000:00:1c.0:   bridge window [mem 0xdf300000-0xdf3fffff],
[    0.375845] kernel: pci 0000:03:00.0: [10ec:8168] type 00 class 0x020000,
[    0.375864] kernel: pci 0000:03:00.0: reg 0x10: [io  0xd000-0xd0ff],
[    0.375889] kernel: pci 0000:03:00.0: reg 0x18: [mem 0xdf204000-0xdf204fff 64bit],
[    0.375904] kernel: pci 0000:03:00.0: reg 0x20: [mem 0xdf200000-0xdf203fff 64bit],
[    0.376002] kernel: pci 0000:03:00.0: supports D1 D2,
[    0.376004] kernel: pci 0000:03:00.0: PME# supported from D0 D1 D2 D3hot D3cold,
[    0.376403] kernel: pci 0000:00:1c.3: PCI bridge to [bus 03],
[    0.376406] kernel: pci 0000:00:1c.3:   bridge window [io  0xd000-0xdfff],
[    0.376409] kernel: pci 0000:00:1c.3:   bridge window [mem 0xdf200000-0xdf2fffff],
[    0.376509] kernel: pci 0000:04:00.0: [10ec:5229] type 00 class 0xff0000,
[    0.376531] kernel: pci 0000:04:00.0: reg 0x10: [mem 0xdf100000-0xdf100fff],
[    0.376655] kernel: pci 0000:04:00.0: supports D1 D2,
[    0.376656] kernel: pci 0000:04:00.0: PME# supported from D1 D2 D3hot,
[    0.377053] kernel: pci 0000:00:1c.6: PCI bridge to [bus 04],
[    0.377057] kernel: pci 0000:00:1c.6:   bridge window [mem 0xdf100000-0xdf1fffff],
[    0.385391] kernel: ACPI: PCI: Interrupt link LNKA configured for IRQ 11,
[    0.385455] kernel: ACPI: PCI: Interrupt link LNKB configured for IRQ 10,
[    0.385516] kernel: ACPI: PCI: Interrupt link LNKC configured for IRQ 11,
[    0.385578] kernel: ACPI: PCI: Interrupt link LNKD configured for IRQ 11,
[    0.385639] kernel: ACPI: PCI: Interrupt link LNKE configured for IRQ 11,
[    0.385699] kernel: ACPI: PCI: Interrupt link LNKF configured for IRQ 11,
[    0.385759] kernel: ACPI: PCI: Interrupt link LNKG configured for IRQ 11,
[    0.385819] kernel: ACPI: PCI: Interrupt link LNKH configured for IRQ 11,
[    0.391490] kernel: acpi LNXPOWER:16: Turning OFF,
[    0.391568] kernel: acpi LNXPOWER:15: Turning OFF,
[    0.391644] kernel: acpi LNXPOWER:14: Turning OFF,
[    0.391719] kernel: acpi LNXPOWER:13: Turning OFF,
[    0.391794] kernel: acpi LNXPOWER:12: Turning OFF,
[    0.391869] kernel: acpi LNXPOWER:11: Turning OFF,
[    0.391944] kernel: acpi LNXPOWER:10: Turning OFF,
[    0.392019] kernel: acpi LNXPOWER:0f: Turning OFF,
[    0.392095] kernel: acpi LNXPOWER:0e: Turning OFF,
[    0.392173] kernel: acpi LNXPOWER:0d: Turning OFF,
[    0.392249] kernel: acpi LNXPOWER:0c: Turning OFF,
[    0.392324] kernel: acpi LNXPOWER:0b: Turning OFF,
[    0.392400] kernel: acpi LNXPOWER:0a: Turning OFF,
[    0.392475] kernel: acpi LNXPOWER:09: Turning OFF,
[    0.392550] kernel: acpi LNXPOWER:08: Turning OFF,
[    0.392625] kernel: acpi LNXPOWER:07: Turning OFF,
[    0.392701] kernel: acpi LNXPOWER:06: Turning OFF,
[    0.392776] kernel: acpi LNXPOWER:05: Turning OFF,
[    0.392852] kernel: acpi LNXPOWER:04: Turning OFF,
[    0.392927] kernel: acpi LNXPOWER:03: Turning OFF,
[    0.393058] kernel: ACPI: EC: interrupt unblocked,
[    0.393059] kernel: ACPI: EC: event unblocked,
[    0.393070] kernel: ACPI: EC: EC_CMD/EC_SC=0x66, EC_DATA=0x62,
[    0.393072] kernel: ACPI: EC: GPE=0x3,
[    0.393073] kernel: ACPI: \_SB_.PCI0.LPCB.EC0_: Boot ECDT EC initialization complete,
[    0.393075] kernel: ACPI: \_SB_.PCI0.LPCB.EC0_: EC: Used to handle transactions and events,
[    0.393139] kernel: iommu: Default domain type: Translated ,
[    0.393261] kernel: SCSI subsystem initialized,
[    0.393267] kernel: libata version 3.00 loaded.,
[    0.393267] kernel: pci 0000:00:02.0: vgaarb: setting as boot VGA device,
[    0.393267] kernel: pci 0000:00:02.0: vgaarb: VGA device added: decodes=io+mem,owns=io+mem,locks=none,
[    0.393267] kernel: pci 0000:00:02.0: vgaarb: bridge control possible,
[    0.393267] kernel: vgaarb: loaded,
[    0.393267] kernel: ACPI: bus type USB registered,
[    0.393267] kernel: usbcore: registered new interface driver usbfs,
[    0.393267] kernel: usbcore: registered new interface driver hub,
[    0.393267] kernel: usbcore: registered new device driver usb,
[    0.393267] kernel: pps_core: LinuxPPS API ver. 1 registered,
[    0.393267] kernel: pps_core: Software ver. 5.3.6 - Copyright 2005-2007 Rodolfo Giometti <giometti@linux.it>,
[    0.393267] kernel: PTP clock support registered,
[    0.393267] kernel: EDAC MC: Ver: 3.0.0,
[    0.393291] kernel: Registered efivars operations,
[    0.393291] kernel: NetLabel: Initializing,
[    0.393291] kernel: NetLabel:  domain hash size = 128,
[    0.393291] kernel: NetLabel:  protocols = UNLABELED CIPSOv4 CALIPSO,
[    0.393291] kernel: NetLabel:  unlabeled traffic allowed by default,
[    0.393291] kernel: PCI: Using ACPI for IRQ routing,
[    0.422546] kernel: PCI: pci_cache_line_size set to 64 bytes,
[    0.422728] kernel: e820: reserve RAM buffer [mem 0x00058000-0x0005ffff],
[    0.422730] kernel: e820: reserve RAM buffer [mem 0x0009e000-0x0009ffff],
[    0.422731] kernel: e820: reserve RAM buffer [mem 0x73be9018-0x73ffffff],
[    0.422732] kernel: e820: reserve RAM buffer [mem 0x753c0000-0x77ffffff],
[    0.422734] kernel: e820: reserve RAM buffer [mem 0x7684c000-0x77ffffff],
[    0.422735] kernel: e820: reserve RAM buffer [mem 0x76eb6000-0x77ffffff],
[    0.422736] kernel: e820: reserve RAM buffer [mem 0x77015000-0x77ffffff],
[    0.422737] kernel: e820: reserve RAM buffer [mem 0x79d38000-0x7bffffff],
[    0.422738] kernel: e820: reserve RAM buffer [mem 0x7b3ff000-0x7bffffff],
[    0.422739] kernel: e820: reserve RAM buffer [mem 0x67f000000-0x67fffffff],
[    0.423799] kernel: clocksource: Switched to clocksource tsc-early,
[    0.431403] kernel: VFS: Disk quotas dquot_6.6.0,
[    0.431417] kernel: VFS: Dquot-cache hash table entries: 512 (order 0, 4096 bytes),
[    0.431509] kernel: AppArmor: AppArmor Filesystem Enabled,
[    0.431550] kernel: pnp: PnP ACPI init,
[    0.431857] kernel: system 00:00: [io  0x0680-0x069f] has been reserved,
[    0.431860] kernel: system 00:00: [io  0xffff] has been reserved,
[    0.431862] kernel: system 00:00: [io  0xffff] has been reserved,
[    0.431863] kernel: system 00:00: [io  0xffff] has been reserved,
[    0.431864] kernel: system 00:00: [io  0x1800-0x18fe] has been reserved,
[    0.431865] kernel: system 00:00: [io  0x164e-0x164f] has been reserved,
[    0.431872] kernel: system 00:00: Plug and Play ACPI device, IDs PNP0c02 (active),
[    0.431974] kernel: system 00:01: [io  0x0800-0x087f] has been reserved,
[    0.431978] kernel: system 00:01: Plug and Play ACPI device, IDs PNP0c02 (active),
[    0.431998] kernel: pnp 00:02: Plug and Play ACPI device, IDs PNP0b00 (active),
[    0.432035] kernel: system 00:03: [io  0x1854-0x1857] has been reserved,
[    0.432039] kernel: system 00:03: Plug and Play ACPI device, IDs INT3f0d PNP0c02 (active),
[    0.432354] kernel: system 00:04: [mem 0xfed10000-0xfed17fff] has been reserved,
[    0.432357] kernel: system 00:04: [mem 0xfed18000-0xfed18fff] has been reserved,
[    0.432358] kernel: system 00:04: [mem 0xfed19000-0xfed19fff] has been reserved,
[    0.432359] kernel: system 00:04: [mem 0xe0000000-0xefffffff] has been reserved,
[    0.432361] kernel: system 00:04: [mem 0xfed20000-0xfed3ffff] has been reserved,
[    0.432362] kernel: system 00:04: [mem 0xfed90000-0xfed93fff] could not be reserved,
[    0.432364] kernel: system 00:04: [mem 0xfed45000-0xfed8ffff] has been reserved,
[    0.432365] kernel: system 00:04: [mem 0xff000000-0xffffffff] has been reserved,
[    0.432367] kernel: system 00:04: [mem 0xfee00000-0xfeefffff] could not be reserved,
[    0.432368] kernel: system 00:04: [mem 0xdffe0000-0xdfffffff] has been reserved,
[    0.432372] kernel: system 00:04: Plug and Play ACPI device, IDs PNP0c02 (active),
[    0.432415] kernel: system 00:05: [mem 0xfd000000-0xfdabffff] has been reserved,
[    0.432417] kernel: system 00:05: [mem 0xfdad0000-0xfdadffff] has been reserved,
[    0.432418] kernel: system 00:05: [mem 0xfdb00000-0xfdffffff] has been reserved,
[    0.432420] kernel: system 00:05: [mem 0xfe000000-0xfe01ffff] could not be reserved,
[    0.432421] kernel: system 00:05: [mem 0xfe036000-0xfe03bfff] has been reserved,
[    0.432422] kernel: system 00:05: [mem 0xfe03d000-0xfe3fffff] has been reserved,
[    0.432424] kernel: system 00:05: [mem 0xfe410000-0xfe7fffff] has been reserved,
[    0.432427] kernel: system 00:05: Plug and Play ACPI device, IDs PNP0c02 (active),
[    0.432771] kernel: system 00:06: [io  0xff00-0xfffe] has been reserved,
[    0.432776] kernel: system 00:06: Plug and Play ACPI device, IDs PNP0c02 (active),
[    0.434215] kernel: system 00:07: [mem 0xfdaf0000-0xfdafffff] has been reserved,
[    0.434218] kernel: system 00:07: [mem 0xfdae0000-0xfdaeffff] has been reserved,
[    0.434219] kernel: system 00:07: [mem 0xfdac0000-0xfdacffff] has been reserved,
[    0.434223] kernel: system 00:07: Plug and Play ACPI device, IDs PNP0c02 (active),
[    0.441651] kernel: pnp: PnP ACPI: found 8 devices,
[    0.447227] kernel: clocksource: acpi_pm: mask: 0xffffff max_cycles: 0xffffff, max_idle_ns: 2085701024 ns,
[    0.447279] kernel: NET: Registered protocol family 2,
[    0.447408] kernel: IP idents hash table entries: 262144 (order: 9, 2097152 bytes, linear),
[    0.449292] kernel: tcp_listen_portaddr_hash hash table entries: 16384 (order: 6, 262144 bytes, linear),
[    0.449431] kernel: TCP established hash table entries: 262144 (order: 9, 2097152 bytes, linear),
[    0.449689] kernel: TCP bind hash table entries: 65536 (order: 8, 1048576 bytes, linear),
[    0.449755] kernel: TCP: Hash tables configured (established 262144 bind 65536),
[    0.449853] kernel: MPTCP token hash table entries: 32768 (order: 7, 786432 bytes, linear),
[    0.449950] kernel: UDP hash table entries: 16384 (order: 7, 524288 bytes, linear),
[    0.450029] kernel: UDP-Lite hash table entries: 16384 (order: 7, 524288 bytes, linear),
[    0.450111] kernel: NET: Registered protocol family 1,
[    0.450130] kernel: NET: Registered protocol family 44,
[    0.450140] kernel: pci 0000:00:01.0: PCI bridge to [bus 01],
[    0.450144] kernel: pci 0000:00:01.0:   bridge window [io  0xe000-0xefff],
[    0.450147] kernel: pci 0000:00:01.0:   bridge window [mem 0xde000000-0xdf0fffff],
[    0.450149] kernel: pci 0000:00:01.0:   bridge window [mem 0xc0000000-0xd1ffffff 64bit pref],
[    0.450154] kernel: pci 0000:00:1c.0: PCI bridge to [bus 02],
[    0.450157] kernel: pci 0000:00:1c.0:   bridge window [mem 0xdf300000-0xdf3fffff],
[    0.450162] kernel: pci 0000:00:1c.3: PCI bridge to [bus 03],
[    0.450164] kernel: pci 0000:00:1c.3:   bridge window [io  0xd000-0xdfff],
[    0.450167] kernel: pci 0000:00:1c.3:   bridge window [mem 0xdf200000-0xdf2fffff],
[    0.450173] kernel: pci 0000:00:1c.6: PCI bridge to [bus 04],
[    0.450176] kernel: pci 0000:00:1c.6:   bridge window [mem 0xdf100000-0xdf1fffff],
[    0.450181] kernel: pci_bus 0000:00: resource 4 [io  0x0000-0x0cf7 window],
[    0.450183] kernel: pci_bus 0000:00: resource 5 [io  0x0d00-0xffff window],
[    0.450185] kernel: pci_bus 0000:00: resource 6 [mem 0x000a0000-0x000fffff window],
[    0.450186] kernel: pci_bus 0000:00: resource 7 [mem 0x80000000-0xdfffffff window],
[    0.450187] kernel: pci_bus 0000:00: resource 8 [mem 0xfd000000-0xfe7fffff window],
[    0.450189] kernel: pci_bus 0000:01: resource 0 [io  0xe000-0xefff],
[    0.450190] kernel: pci_bus 0000:01: resource 1 [mem 0xde000000-0xdf0fffff],
[    0.450191] kernel: pci_bus 0000:01: resource 2 [mem 0xc0000000-0xd1ffffff 64bit pref],
[    0.450192] kernel: pci_bus 0000:02: resource 1 [mem 0xdf300000-0xdf3fffff],
[    0.450194] kernel: pci_bus 0000:03: resource 0 [io  0xd000-0xdfff],
[    0.450195] kernel: pci_bus 0000:03: resource 1 [mem 0xdf200000-0xdf2fffff],
[    0.450196] kernel: pci_bus 0000:04: resource 1 [mem 0xdf100000-0xdf1fffff],
[    0.450742] kernel: PCI: CLS 64 bytes, default 64,
[    0.450759] kernel: DMAR: ACPI device "device:78" under DMAR at fed91000 as 00:15.0,
[    0.450771] kernel: PCI-DMA: Using software bounce buffering for IO (SWIOTLB),
[    0.450772] kernel: software IO TLB: mapped [mem 0x000000006fbe9000-0x0000000073be9000] (64MB),
[    0.450785] kernel: Trying to unpack rootfs image as initramfs...,
[    0.451358] kernel: Initialise system trusted keyrings,
[    0.451372] kernel: Key type blacklist registered,
[    0.451404] kernel: workingset: timestamp_bits=36 max_order=23 bucket_order=0,
[    0.452398] kernel: zbud: loaded,
[    0.452668] kernel: squashfs: version 4.0 (2009/01/31) Phillip Lougher,
[    0.452799] kernel: fuse: init (API version 7.34),
[    0.452939] kernel: integrity: Platform Keyring initialized,
[    0.461157] kernel: Key type asymmetric registered,
[    0.461160] kernel: Asymmetric key parser 'x509' registered,
[    0.461171] kernel: Block layer SCSI generic (bsg) driver version 0.4 loaded (major 243),
[    0.461206] kernel: io scheduler mq-deadline registered,
[    0.462074] kernel: shpchp: Standard Hot Plug PCI Controller Driver version: 0.4,
[    0.462129] kernel: efifb: probing for efifb,
[    0.462146] kernel: efifb: showing boot graphics,
[    0.462781] kernel: efifb: framebuffer at 0xb0000000, using 8100k, total 8100k,
[    0.462783] kernel: efifb: mode is 1920x1080x32, linelength=7680, pages=1,
[    0.462784] kernel: efifb: scrolling: redraw,
[    0.462785] kernel: efifb: Truecolor: size=8:8:8:8, shift=24:16:8:0,
[    0.462821] kernel: fbcon: Deferring console take-over,
[    0.462822] kernel: fb0: EFI VGA frame buffer device,
[    0.463428] kernel: ACPI: AC: AC Adapter [AC0] (on-line),
[    0.463487] kernel: input: Sleep Button as /devices/LNXSYSTM:00/LNXSYBUS:00/PNP0C0E:00/input/input0,
[    0.463504] kernel: ACPI: button: Sleep Button [SLPB],
[    0.463526] kernel: input: Power Button as /devices/LNXSYSTM:00/LNXSYBUS:00/PNP0C0C:00/input/input1,
[    0.463539] kernel: ACPI: button: Power Button [PWRB],
[    0.463561] kernel: input: Lid Switch as /devices/LNXSYSTM:00/LNXSYBUS:00/PNP0C0D:01/input/input2,
[    0.463576] kernel: ACPI: button: Lid Switch [LID],
[    0.463600] kernel: input: Power Button as /devices/LNXSYSTM:00/LNXPWRBN:00/input/input3,
[    0.464181] kernel: ACPI: button: Power Button [PWRF],
[    0.464358] kernel: smpboot: Estimated ratio of average max frequency by base frequency (times 1024): 1243,
[    0.466105] kernel: thermal LNXTHERM:00: registered as thermal_zone0,
[    0.466108] kernel: ACPI: thermal: Thermal Zone [THRM] (46 C),
[    0.466370] kernel: Serial: 8250/16550 driver, 32 ports, IRQ sharing enabled,
[    0.468012] kernel: hpet_acpi_add: no address or irqs in _CRS,
[    0.468055] kernel: Linux agpgart interface v0.103,
[    0.469781] kernel: tpm_crb MSFT0101:00: [Firmware Bug]: ACPI region does not cover the entire command/response buffer. [mem 0xfed40000-0xfed4087f flags 0x200] vs fed40080 f80,
[    0.469790] kernel: tpm_crb MSFT0101:00: [Firmware Bug]: ACPI region does not cover the entire command/response buffer. [mem 0xfed40000-0xfed4087f flags 0x200] vs fed40080 f80,
[    0.483748] kernel: ACPI: battery: Slot [BAT0] (battery present),
[    0.560226] kernel: loop: module loaded,
[    0.560641] kernel: tun: Universal TUN/TAP device driver, 1.6,
[    0.560730] kernel: PPP generic driver version 2.4.2,
[    0.560906] kernel: VFIO - User Level meta-driver version: 0.3,
[    0.561044] kernel: ehci_hcd: USB 2.0 'Enhanced' Host Controller (EHCI) Driver,
[    0.561048] kernel: ehci-pci: EHCI PCI platform driver,
[    0.561059] kernel: ehci-platform: EHCI generic platform driver,
[    0.561066] kernel: ohci_hcd: USB 1.1 'Open' Host Controller (OHCI) Driver,
[    0.561068] kernel: ohci-pci: OHCI PCI platform driver,
[    0.561074] kernel: ohci-platform: OHCI generic platform driver,
[    0.561079] kernel: uhci_hcd: USB Universal Host Controller Interface driver,
[    0.561112] kernel: i8042: PNP: No PS/2 controller found.,
[    0.561113] kernel: i8042: Probing ports directly.,
[    0.733064] kernel: Freeing initrd memory: 168916K,
[    0.819725] kernel: serio: i8042 KBD port at 0x60,0x64 irq 1,
[    0.819937] kernel: mousedev: PS/2 mouse device common for all mice,
[    0.820166] kernel: rtc_cmos 00:02: RTC can wake from S4,
[    0.820862] kernel: rtc_cmos 00:02: registered as rtc0,
[    0.821047] kernel: rtc_cmos 00:02: setting system clock to 2022-06-04T09:42:25 UTC (1654335745),
[    0.821062] kernel: rtc_cmos 00:02: alarms up to one month, y3k, 242 bytes nvram,
[    0.821069] kernel: i2c /dev entries driver,
[    0.821328] kernel: device-mapper: uevent: version 1.0.3,
[    0.821401] kernel: device-mapper: ioctl: 4.45.0-ioctl (2021-03-22) initialised: dm-devel@redhat.com,
[    0.821419] kernel: platform eisa.0: Probing EISA bus 0,
[    0.821421] kernel: platform eisa.0: EISA: Cannot allocate resource for mainboard,
[    0.821422] kernel: platform eisa.0: Cannot allocate resource for EISA slot 1,
[    0.821423] kernel: platform eisa.0: Cannot allocate resource for EISA slot 2,
[    0.821424] kernel: platform eisa.0: Cannot allocate resource for EISA slot 3,
[    0.821425] kernel: platform eisa.0: Cannot allocate resource for EISA slot 4,
[    0.821426] kernel: platform eisa.0: Cannot allocate resource for EISA slot 5,
[    0.821427] kernel: platform eisa.0: Cannot allocate resource for EISA slot 6,
[    0.821428] kernel: platform eisa.0: Cannot allocate resource for EISA slot 7,
[    0.821429] kernel: platform eisa.0: Cannot allocate resource for EISA slot 8,
[    0.821430] kernel: platform eisa.0: EISA: Detected 0 cards,
[    0.821433] kernel: intel_pstate: Intel P-state driver initializing,
[    0.821954] kernel: intel_pstate: Disabling energy efficiency optimization,
[    0.821955] kernel: intel_pstate: HWP enabled,
[    0.822005] kernel: ledtrig-cpu: registered to indicate activity on CPUs,
[    0.822007] kernel: EFI Variables Facility v0.08 2004-May-17,
[    0.829453] kernel: input: AT Translated Set 2 keyboard as /devices/platform/i8042/serio0/input/input4,
[    0.856277] kernel: resource sanity check: requesting [mem 0xfdffe800-0xfe0007ff], which spans more than pnp 00:05 [mem 0xfdb00000-0xfdffffff],
[    0.856280] kernel: caller pmc_core_probe+0xad/0x5c0 mapping multiple BARs,
[    0.856291] kernel: intel_pmc_core INT33A1:00:  initialized,
[    0.856351] kernel: drop_monitor: Initializing network drop monitor service,
[    0.856458] kernel: NET: Registered protocol family 10,
[    0.865502] kernel: Segment Routing with IPv6,
[    0.865522] kernel: NET: Registered protocol family 17,
[    0.865658] kernel: Key type dns_resolver registered,
[    0.866200] kernel: microcode: sig=0x906e9, pf=0x20, revision=0xea,
[    0.866372] kernel: microcode: Microcode Update Driver: v2.2.,
[    0.866376] kernel: IPI shorthand broadcast: enabled,
[    0.866384] kernel: sched_clock: Marking stable (860564479, 5805336)->(876987914, -10618099),
[    0.866668] kernel: registered taskstats version 1,
[    0.866676] kernel: Loading compiled-in X.509 certificates,
[    0.867221] kernel: Loaded X.509 cert 'Build time autogenerated kernel key: 7269024c99b87d1ca534319fd17209eb48450aba',
[    0.867665] kernel: Loaded X.509 cert 'Canonical Ltd. Live Patch Signing: 14df34d1a87cf37625abec039ef2bf521249b969',
[    0.868100] kernel: Loaded X.509 cert 'Canonical Ltd. Kernel Module Signing: 88f752e560a1e0737e31163a466ad7b70a850c19',
[    0.868101] kernel: blacklist: Loading compiled-in revocation X.509 certificates,
[    0.868118] kernel: Loaded X.509 cert 'Canonical Ltd. Secure Boot Signing: 61482aa2830d0ab2ad5af10b7250da9033ddcef0',
[    0.868304] kernel: zswap: loaded using pool lzo/zbud,
[    0.868586] kernel: Key type ._fscrypt registered,
[    0.868587] kernel: Key type .fscrypt registered,
[    0.868588] kernel: Key type fscrypt-provisioning registered,
[    0.868717] kernel: Key type trusted registered,
[    0.873043] kernel: Key type encrypted registered,
[    0.873046] kernel: AppArmor: AppArmor sha1 policy hashing enabled,
[    0.874100] kernel: integrity: Loading X.509 certificate: UEFI:db,
[    0.874608] kernel: integrity: Loaded X.509 cert 'ASUSTeK Notebook SW Key Certificate: b8e581e4df77a5bb4282d5ccfc00c071',
[    0.874610] kernel: integrity: Loading X.509 certificate: UEFI:db,
[    0.874754] kernel: integrity: Loaded X.509 cert 'ASUSTeK MotherBoard SW Key Certificate: da83b990422ebc8c441f8d8b039a65a2',
[    0.874755] kernel: integrity: Loading X.509 certificate: UEFI:db,
[    0.874780] kernel: integrity: Loaded X.509 cert 'Microsoft Corporation UEFI CA 2011: 13adbf4309bd82709c8cd54f316ed522988a1bd4',
[    0.874780] kernel: integrity: Loading X.509 certificate: UEFI:db,
[    0.874798] kernel: integrity: Loaded X.509 cert 'Microsoft Windows Production PCA 2011: a92902398e16c49778cd90f99e4f9ae17c55af53',
[    0.874799] kernel: integrity: Loading X.509 certificate: UEFI:db,
[    0.874941] kernel: integrity: Loaded X.509 cert 'Canonical Ltd. Master Certificate Authority: ad91990bc22ab1f517048c23b6655a268e345a63',
[    0.876095] kernel: integrity: Revoking X.509 certificate: UEFI:dbx,
[    0.876119] kernel: blacklist: Revoked X.509 cert 'Canonical Ltd. Secure Boot Signing: 61482aa2830d0ab2ad5af10b7250da9033ddcef0',
[    0.876121] kernel: integrity: Revoking X.509 certificate: UEFI:dbx,
[    0.876147] kernel: blacklist: Revoked X.509 cert 'Debian Secure Boot Signer: 00a7468def',
[    0.876859] kernel: integrity: Loading X.509 certificate: UEFI:MokListRT (MOKvar table),
[    0.877012] kernel: integrity: Loaded X.509 cert 'Canonical Ltd. Master Certificate Authority: ad91990bc22ab1f517048c23b6655a268e345a63',
[    0.877023] kernel: Loading compiled-in module X.509 certificates,
[    0.877485] kernel: Loaded X.509 cert 'Build time autogenerated kernel key: 7269024c99b87d1ca534319fd17209eb48450aba',
[    0.877487] kernel: ima: Allocated hash algorithm: sha1,
[    0.913175] kernel: ima: No architecture policies found,
[    0.913187] kernel: evm: Initialising EVM extended attributes:,
[    0.913187] kernel: evm: security.selinux,
[    0.913188] kernel: evm: security.SMACK64,
[    0.913189] kernel: evm: security.SMACK64EXEC,
[    0.913190] kernel: evm: security.SMACK64TRANSMUTE,
[    0.913190] kernel: evm: security.SMACK64MMAP,
[    0.913191] kernel: evm: security.apparmor,
[    0.913191] kernel: evm: security.ima,
[    0.913192] kernel: evm: security.capability,
[    0.913192] kernel: evm: HMAC attrs: 0x1,
[    0.913483] kernel: PM:   Magic number: 10:935:726,
[    0.913491] kernel: block loop6: hash matches,
[    0.913696] kernel: RAS: Correctable Errors collector initialized.,
[    0.915137] kernel: Freeing unused decrypted memory: 2036K,
[    0.915507] kernel: Freeing unused kernel image (initmem) memory: 2792K,
[    0.920210] kernel: Write protecting the kernel read-only data: 30720k,
[    0.920833] kernel: Freeing unused kernel image (text/rodata gap) memory: 2036K,
[    0.921227] kernel: Freeing unused kernel image (rodata/data gap) memory: 1756K,
[    0.985787] kernel: x86/mm: Checked W+X mappings: passed, no W+X pages found.,
[    0.985789] kernel: x86/mm: Checking user space page tables,
[    1.025613] kernel: x86/mm: Checked W+X mappings: passed, no W+X pages found.,
[    1.025616] kernel: Run /init as init process,
[    1.025617] kernel:   with arguments:,
[    1.025618] kernel:     /init,
[    1.025618] kernel:     splash,
[    1.025619] kernel:   with environment:,
[    1.025619] kernel:     HOME=/,
[    1.025620] kernel:     TERM=linux,
[    1.025620] kernel:     BOOT_IMAGE=/boot/vmlinuz-5.13.0-44-lowlatency,
[    1.120164] kernel: hid: raw HID events driver (C) Jiri Kosina,
[    1.131394] kernel: cryptd: max_cpu_qlen set to 1000,
[    1.135373] kernel: ahci 0000:00:17.0: version 3.0,
[    1.135528] kernel: ahci 0000:00:17.0: can't derive routing for PCI INT A,
[    1.135530] kernel: ahci 0000:00:17.0: PCI INT A: not connected,
[    1.137036] kernel: AVX2 version of gcm_enc/dec engaged.,
[    1.137069] kernel: AES CTR mode by8 optimization enabled,
[    1.137841] kernel: intel-lpss 0000:00:15.0: enabling device (0000 -> 0002),
[    1.139181] kernel: idma64 idma64.0: Found Intel integrated DMA 64-bit,
[    1.145681] kernel: ahci 0000:00:17.0: AHCI 0001.0301 32 slots 4 ports 6 Gbps 0x7 impl SATA mode,
[    1.145688] kernel: ahci 0000:00:17.0: flags: 64bit ncq sntf pm led clo only pio slum part ems deso sadm sds apst ,
[    1.149638] kernel: rtsx_pci 0000:04:00.0: enabling device (0000 -> 0002),
[    1.150974] kernel: r8169 0000:03:00.0: can't disable ASPM; OS doesn't have ASPM control,
[    1.153459] kernel: xhci_hcd 0000:00:14.0: xHCI Host Controller,
[    1.153468] kernel: xhci_hcd 0000:00:14.0: new USB bus registered, assigned bus number 1,
[    1.154544] kernel: xhci_hcd 0000:00:14.0: hcc params 0x200077c1 hci version 0x100 quirks 0x0000000001109810,
[    1.161269] kernel: i801_smbus 0000:00:1f.4: SPD Write Disable is set,
[    1.161452] kernel: i801_smbus 0000:00:1f.4: SMBus using PCI interrupt,
[    1.162240] kernel: xhci_hcd 0000:00:14.0: xHCI Host Controller,
[    1.162249] kernel: xhci_hcd 0000:00:14.0: new USB bus registered, assigned bus number 2,
[    1.162253] kernel: xhci_hcd 0000:00:14.0: Host supports USB 3.0 SuperSpeed,
[    1.162310] kernel: usb usb1: New USB device found, idVendor=1d6b, idProduct=0002, bcdDevice= 5.13,
[    1.162313] kernel: usb usb1: New USB device strings: Mfr=3, Product=2, SerialNumber=1,
[    1.162315] kernel: usb usb1: Product: xHCI Host Controller,
[    1.162317] kernel: usb usb1: Manufacturer: Linux 5.13.0-44-lowlatency xhci-hcd,
[    1.162319] kernel: usb usb1: SerialNumber: 0000:00:14.0,
[    1.162520] kernel: hub 1-0:1.0: USB hub found,
[    1.162541] kernel: hub 1-0:1.0: 16 ports detected,
[    1.167553] kernel: asus_wmi: ASUS WMI generic driver loaded,
[    1.170278] kernel: usb usb2: New USB device found, idVendor=1d6b, idProduct=0003, bcdDevice= 5.13,
[    1.170283] kernel: usb usb2: New USB device strings: Mfr=3, Product=2, SerialNumber=1,
[    1.170285] kernel: usb usb2: Product: xHCI Host Controller,
[    1.170287] kernel: usb usb2: Manufacturer: Linux 5.13.0-44-lowlatency xhci-hcd,
[    1.170288] kernel: usb usb2: SerialNumber: 0000:00:14.0,
[    1.170434] kernel: hub 2-0:1.0: USB hub found,
[    1.170448] kernel: hub 2-0:1.0: 8 ports detected,
[    1.171630] kernel: scsi host0: ahci,
[    1.171733] kernel: scsi host1: ahci,
[    1.171829] kernel: scsi host2: ahci,
[    1.171930] kernel: scsi host3: ahci,
[    1.171966] kernel: ata1: SATA max UDMA/133 abar m2048@0xdf42b000 port 0xdf42b100 irq 126,
[    1.171968] kernel: ata2: SATA max UDMA/133 abar m2048@0xdf42b000 port 0xdf42b180 irq 126,
[    1.171970] kernel: ata3: SATA max UDMA/133 abar m2048@0xdf42b000 port 0xdf42b200 irq 126,
[    1.171971] kernel: ata4: DUMMY,
[    1.172540] kernel: i2c i2c-0: 2/4 memory slots populated (from DMI),
[    1.172699] kernel: r8169 0000:03:00.0 eth0: RTL8168h/8111h, 2c:fd:a1:82:44:93, XID 541, IRQ 129,
[    1.172704] kernel: r8169 0000:03:00.0 eth0: jumbo features [frames: 9194 bytes, tx checksumming: ko],
[    1.172896] kernel: i2c i2c-0: Successfully instantiated SPD at 0x50,
[    1.173452] kernel: i2c i2c-0: Successfully instantiated SPD at 0x52,
[    1.481199] kernel: ata3: SATA link down (SStatus 4 SControl 300),
[    1.481225] kernel: ata2: SATA link up 6.0 Gbps (SStatus 133 SControl 300),
[    1.481247] kernel: ata1: SATA link up 6.0 Gbps (SStatus 133 SControl 300),
[    1.482711] kernel: ata1.00: ATA-9: SanDisk SD8SN8U128G1002, X4131002, max UDMA/133,
[    1.482718] kernel: ata1.00: 250069680 sectors, multi 1: LBA48 NCQ (depth 32), AA,
[    1.485054] kernel: ata1.00: configured for UDMA/133,
[    1.493274] kernel: usb 1-3: new low-speed USB device number 2 using xhci_hcd,
[    1.495237] kernel: ahci 0000:00:17.0: port does not support device sleep,
[    1.495674] kernel: scsi 0:0:0:0: Direct-Access     ATA      SanDisk SD8SN8U1 1002 PQ: 0 ANSI: 5,
[    1.496346] kernel: sd 0:0:0:0: Attached scsi generic sg0 type 0,
[    1.496517] kernel: sd 0:0:0:0: [sda] 250069680 512-byte logical blocks: (128 GB/119 GiB),
[    1.496544] kernel: sd 0:0:0:0: [sda] Write Protect is off,
[    1.496550] kernel: sd 0:0:0:0: [sda] Mode Sense: 00 3a 00 00,
[    1.496648] kernel: sd 0:0:0:0: [sda] Write cache: enabled, read cache: enabled, doesn't support DPO or FUA,
[    1.499173] kernel: tsc: Refined TSC clocksource calibration: 2808.002 MHz,
[    1.499183] kernel: clocksource: tsc: mask: 0xffffffffffffffff max_cycles: 0x2879c7f065b, max_idle_ns: 440795303690 ns,
[    1.499245] kernel: clocksource: Switched to clocksource tsc,
[    1.508197] kernel:  sda: sda1 sda2 sda3 sda4 sda5,
[    1.525676] kernel: sd 0:0:0:0: [sda] Attached SCSI disk,
[    1.627381] kernel: usb 1-3: New USB device found, idVendor=045e, idProduct=0084, bcdDevice= 0.00,
[    1.627389] kernel: usb 1-3: New USB device strings: Mfr=1, Product=2, SerialNumber=0,
[    1.627393] kernel: usb 1-3: Product: Basic Optical Mouse,
[    1.627396] kernel: usb 1-3: Manufacturer: Microsoft,
[    1.742290] kernel: usb 1-6: new high-speed USB device number 3 using xhci_hcd,
[    1.851077] kernel: ata2.00: ATA-10: ST1000LM035-1RK172, SDM2, max UDMA/133,
[    1.851086] kernel: ata2.00: 1953525168 sectors, multi 16: LBA48 NCQ (depth 32), AA,
[    1.901103] kernel: ata2.00: configured for UDMA/133,
[    1.903014] kernel: usb 1-6: New USB device found, idVendor=0bda, idProduct=57f5, bcdDevice= 0.03,
[    1.903030] kernel: usb 1-6: New USB device strings: Mfr=3, Product=1, SerialNumber=2,
[    1.903034] kernel: usb 1-6: Product: USB2.0 HD UVC WebCam,
[    1.903037] kernel: usb 1-6: Manufacturer: 04081-0009480017421009759,
[    1.903039] kernel: usb 1-6: SerialNumber: 200901010001,
[    1.910682] kernel: scsi 1:0:0:0: Direct-Access     ATA      ST1000LM035-1RK1 SDM2 PQ: 0 ANSI: 5,
[    1.911452] kernel: sd 1:0:0:0: Attached scsi generic sg1 type 0,
[    1.911558] kernel: sd 1:0:0:0: [sdb] 1953525168 512-byte logical blocks: (1.00 TB/932 GiB),
[    1.911561] kernel: sd 1:0:0:0: [sdb] 4096-byte physical blocks,
[    1.911572] kernel: sd 1:0:0:0: [sdb] Write Protect is off,
[    1.911575] kernel: sd 1:0:0:0: [sdb] Mode Sense: 00 3a 00 00,
